Archive member included to satisfy reference by file (symbol)

/usr/local/mcuxpressoide-11.5.0_7232/ide/plugins/com.nxp.mcuxpresso.tools.linux_11.5.0.202107051138/tools/bin/../lib/gcc/arm-none-eabi/10.3.1/../../../../arm-none-eabi/lib/thumb/v6-m/nofp/libcr_nohost_nf.a(_cr__main.o)
                              ./startup/startup_mkl25z4.o (__main)
/usr/local/mcuxpressoide-11.5.0_7232/ide/plugins/com.nxp.mcuxpresso.tools.linux_11.5.0.202107051138/tools/bin/../lib/gcc/arm-none-eabi/10.3.1/../../../../arm-none-eabi/lib/thumb/v6-m/nofp/libcr_c.a(memcpy.o)
                              ./drivers/fsl_flash.o (memcpy)
/usr/local/mcuxpressoide-11.5.0_7232/ide/plugins/com.nxp.mcuxpresso.tools.linux_11.5.0.202107051138/tools/bin/../lib/gcc/arm-none-eabi/10.3.1/../../../../arm-none-eabi/lib/thumb/v6-m/nofp/libcr_c.a(memset.o)
                              ./drivers/fsl_flash.o (memset)
/usr/local/mcuxpressoide-11.5.0_7232/ide/plugins/com.nxp.mcuxpresso.tools.linux_11.5.0.202107051138/tools/bin/../lib/gcc/arm-none-eabi/10.3.1/../../../../arm-none-eabi/lib/thumb/v6-m/nofp/libcr_c.a(initio.o)
                              /usr/local/mcuxpressoide-11.5.0_7232/ide/plugins/com.nxp.mcuxpresso.tools.linux_11.5.0.202107051138/tools/bin/../lib/gcc/arm-none-eabi/10.3.1/../../../../arm-none-eabi/lib/thumb/v6-m/nofp/libcr_nohost_nf.a(_cr__main.o) (_initio)
/usr/local/mcuxpressoide-11.5.0_7232/ide/plugins/com.nxp.mcuxpresso.tools.linux_11.5.0.202107051138/tools/bin/../lib/gcc/arm-none-eabi/10.3.1/../../../../arm-none-eabi/lib/thumb/v6-m/nofp/libcr_c.a(setvbuf.o)
                              /usr/local/mcuxpressoide-11.5.0_7232/ide/plugins/com.nxp.mcuxpresso.tools.linux_11.5.0.202107051138/tools/bin/../lib/gcc/arm-none-eabi/10.3.1/../../../../arm-none-eabi/lib/thumb/v6-m/nofp/libcr_c.a(initio.o) (setvbuf)
/usr/local/mcuxpressoide-11.5.0_7232/ide/plugins/com.nxp.mcuxpresso.tools.linux_11.5.0.202107051138/tools/bin/../lib/gcc/arm-none-eabi/10.3.1/../../../../arm-none-eabi/lib/thumb/v6-m/nofp/libcr_c.a(strlen.o)
                              ./utilities/fsl_debug_console.o (strlen)
/usr/local/mcuxpressoide-11.5.0_7232/ide/plugins/com.nxp.mcuxpresso.tools.linux_11.5.0.202107051138/tools/bin/../lib/gcc/arm-none-eabi/10.3.1/../../../../arm-none-eabi/lib/thumb/v6-m/nofp/libcr_c.a(_fdopen.o)
                              /usr/local/mcuxpressoide-11.5.0_7232/ide/plugins/com.nxp.mcuxpresso.tools.linux_11.5.0.202107051138/tools/bin/../lib/gcc/arm-none-eabi/10.3.1/../../../../arm-none-eabi/lib/thumb/v6-m/nofp/libcr_c.a(initio.o) (_fdopen)
/usr/local/mcuxpressoide-11.5.0_7232/ide/plugins/com.nxp.mcuxpresso.tools.linux_11.5.0.202107051138/tools/bin/../lib/gcc/arm-none-eabi/10.3.1/../../../../arm-none-eabi/lib/thumb/v6-m/nofp/libcr_c.a(fclose.o)
                              /usr/local/mcuxpressoide-11.5.0_7232/ide/plugins/com.nxp.mcuxpresso.tools.linux_11.5.0.202107051138/tools/bin/../lib/gcc/arm-none-eabi/10.3.1/../../../../arm-none-eabi/lib/thumb/v6-m/nofp/libcr_c.a(initio.o) (fclose)
/usr/local/mcuxpressoide-11.5.0_7232/ide/plugins/com.nxp.mcuxpresso.tools.linux_11.5.0.202107051138/tools/bin/../lib/gcc/arm-none-eabi/10.3.1/../../../../arm-none-eabi/lib/thumb/v6-m/nofp/libcr_c.a(fflush.o)
                              /usr/local/mcuxpressoide-11.5.0_7232/ide/plugins/com.nxp.mcuxpresso.tools.linux_11.5.0.202107051138/tools/bin/../lib/gcc/arm-none-eabi/10.3.1/../../../../arm-none-eabi/lib/thumb/v6-m/nofp/libcr_c.a(fclose.o) (fflush)
/usr/local/mcuxpressoide-11.5.0_7232/ide/plugins/com.nxp.mcuxpresso.tools.linux_11.5.0.202107051138/tools/bin/../lib/gcc/arm-none-eabi/10.3.1/../../../../arm-none-eabi/lib/thumb/v6-m/nofp/libcr_c.a(fseek.o)
                              /usr/local/mcuxpressoide-11.5.0_7232/ide/plugins/com.nxp.mcuxpresso.tools.linux_11.5.0.202107051138/tools/bin/../lib/gcc/arm-none-eabi/10.3.1/../../../../arm-none-eabi/lib/thumb/v6-m/nofp/libcr_c.a(_fdopen.o) (fseek)
/usr/local/mcuxpressoide-11.5.0_7232/ide/plugins/com.nxp.mcuxpresso.tools.linux_11.5.0.202107051138/tools/bin/../lib/gcc/arm-none-eabi/10.3.1/../../../../arm-none-eabi/lib/thumb/v6-m/nofp/libcr_c.a(ftell.o)
                              /usr/local/mcuxpressoide-11.5.0_7232/ide/plugins/com.nxp.mcuxpresso.tools.linux_11.5.0.202107051138/tools/bin/../lib/gcc/arm-none-eabi/10.3.1/../../../../arm-none-eabi/lib/thumb/v6-m/nofp/libcr_c.a(fseek.o) (ftell)
/usr/local/mcuxpressoide-11.5.0_7232/ide/plugins/com.nxp.mcuxpresso.tools.linux_11.5.0.202107051138/tools/bin/../lib/gcc/arm-none-eabi/10.3.1/../../../../arm-none-eabi/lib/thumb/v6-m/nofp/libcr_c.a(remove.o)
                              /usr/local/mcuxpressoide-11.5.0_7232/ide/plugins/com.nxp.mcuxpresso.tools.linux_11.5.0.202107051138/tools/bin/../lib/gcc/arm-none-eabi/10.3.1/../../../../arm-none-eabi/lib/thumb/v6-m/nofp/libcr_c.a(fclose.o) (remove)
[...]
Memory Configuration

Name             Origin             Length             Attributes
PROGRAM_FLASH    0x0000000000000000 0x0000000000020000 xr
SRAM             0x000000001ffff000 0x0000000000004000 xrw
*default*        0x0000000000000000 0xffffffffffffffff

Linker script and memory map

LOAD ./utilities/fsl_debug_console.o
LOAD ./startup/startup_mkl25z4.o
LOAD ./source/main/Controlador_Temp.o
LOAD ./source/TIMER/Timer.o
LOAD ./source/PWM/Cooler.o
LOAD ./source/GPIO/Bottom.o
LOAD ./source/GPIO/LED.o
LOAD ./source/Sensor_Temp.o
LOAD ./source/mtb.o
LOAD ./source/semihost_hardfault.o
LOAD ./drivers/fsl_clock.o
LOAD ./drivers/fsl_common.o
LOAD ./drivers/fsl_flash.o
LOAD ./drivers/fsl_gpio.o
LOAD ./drivers/fsl_lpsci.o
LOAD ./drivers/fsl_smc.o
LOAD ./drivers/fsl_uart.o
LOAD ./board/board.o
LOAD ./board/clock_config.o
LOAD ./board/peripherals.o
LOAD ./board/pin_mux.o
LOAD ./CMSIS/system_MKL25Z4.o
START GROUP
LOAD /usr/local/mcuxpressoide-11.5.0_7232/ide/plugins/com.nxp.mcuxpresso.tools.linux_11.5.0.202107051138/tools/bin/../lib/gcc/arm-none-eabi/10.3.1/../../../../arm-none-eabi/lib/thumb/v6-m/nofp/libcr_nohost_nf.a
LOAD /usr/local/mcuxpressoide-11.5.0_7232/ide/plugins/com.nxp.mcuxpresso.tools.linux_11.5.0.202107051138/tools/bin/../lib/gcc/arm-none-eabi/10.3.1/../../../../arm-none-eabi/lib/thumb/v6-m/nofp/libcr_c.a
LOAD /usr/local/mcuxpressoide-11.5.0_7232/ide/plugins/com.nxp.mcuxpresso.tools.linux_11.5.0.202107051138/tools/bin/../lib/gcc/arm-none-eabi/10.3.1/thumb/v6-m/nofp/libcr_eabihelpers.a
LOAD /usr/local/mcuxpressoide-11.5.0_7232/ide/plugins/com.nxp.mcuxpresso.tools.linux_11.5.0.202107051138/tools/bin/../lib/gcc/arm-none-eabi/10.3.1/thumb/v6-m/nofp/libgcc.a
END GROUP
                0x0000000000000000                __base_PROGRAM_FLASH = 0x0
                0x0000000000000000                __base_Flash = 0x0
                0x0000000000020000                __top_PROGRAM_FLASH = 0x20000
                0x0000000000020000                __top_Flash = 0x20000
                0x000000001ffff000                __base_SRAM = 0x1ffff000
                0x000000001ffff000                __base_RAM = 0x1ffff000
                0x0000000020003000                __top_SRAM = 0x20003000
                0x0000000020003000                __top_RAM = 0x20003000

.text           0x0000000000000000     0x2fa8
 FILL mask 0xff
                0x0000000000000000                __vectors_start__ = ABSOLUTE (.)
 *(SORT_BY_ALIGNMENT(.isr_vector))
 .isr_vector    0x0000000000000000       0xc0 ./startup/startup_mkl25z4.o
                0x0000000000000000                __Vectors
                0x0000000000000000                g_pfnVectors
                0x00000000000000c0                . = ALIGN (0x4)
                0x00000000000000c0                __section_table_start = .
                0x00000000000000c0                __data_section_table = .
                0x00000000000000c0        0x4 LONG 0x2fa8 LOADADDR (.data)
                0x00000000000000c4        0x4 LONG 0x1ffff080 ADDR (.data)
                0x00000000000000c8        0x4 LONG 0xc SIZEOF (.data)
                0x00000000000000cc                __data_section_table_end = .
                0x00000000000000cc                __bss_section_table = .
                0x00000000000000cc        0x4 LONG 0x1ffff08c ADDR (.bss)
                0x00000000000000d0        0x4 LONG 0xe8 SIZEOF (.bss)
                0x00000000000000d4                __bss_section_table_end = .
                0x00000000000000d4                __section_table_end = .
 *(SORT_BY_ALIGNMENT(.after_vectors*))
 .after_vectors.reset
                0x00000000000000d4       0x4c ./startup/startup_mkl25z4.o
                0x00000000000000d4                ResetISR
 .after_vectors.init_data
                0x0000000000000120       0x12 ./startup/startup_mkl25z4.o
                0x0000000000000120                data_init
 .after_vectors.init_bss
                0x0000000000000132       0x10 ./startup/startup_mkl25z4.o
                0x0000000000000132                bss_init
 .after_vectors
                0x0000000000000142      0x10c ./startup/startup_mkl25z4.o
                0x0000000000000142                NMI_Handler
                0x0000000000000146                SVC_Handler
                0x0000000000000148                PendSV_Handler
                0x000000000000014a                SysTick_Handler
                0x000000000000014c                PIT_DriverIRQHandler
                0x000000000000014c                Reserved39_DriverIRQHandler
                0x000000000000014c                DMA0_DriverIRQHandler
                0x000000000000014c                SPI1_DriverIRQHandler
                0x000000000000014c                LPTMR0_DriverIRQHandler
                0x000000000000014c                TPM2_DriverIRQHandler
                0x000000000000014c                TSI0_DriverIRQHandler
                0x000000000000014c                RTC_Seconds_DriverIRQHandler
                0x000000000000014c                LLWU_DriverIRQHandler
                0x000000000000014c                MCG_DriverIRQHandler
                0x000000000000014c                FTFA_DriverIRQHandler
                0x000000000000014c                IntDefaultHandler
                0x000000000000014c                USB0_DriverIRQHandler
                0x000000000000014c                DAC0_DriverIRQHandler
                0x000000000000014c                LVD_LVW_DriverIRQHandler
                0x000000000000014c                TPM0_DriverIRQHandler
                0x000000000000014c                Reserved20_DriverIRQHandler
                0x000000000000014c                DMA3_DriverIRQHandler
                0x000000000000014c                Reserved45_DriverIRQHandler
                0x000000000000014c                PORTA_DriverIRQHandler
                0x000000000000014c                TPM1_DriverIRQHandler
                0x000000000000014c                RTC_DriverIRQHandler
                0x000000000000014c                DMA1_DriverIRQHandler
                0x000000000000014c                I2C1_DriverIRQHandler
                0x000000000000014c                SPI0_DriverIRQHandler
                0x000000000000014c                ADC0_DriverIRQHandler
                0x000000000000014c                CMP0_DriverIRQHandler
                0x000000000000014c                DMA2_DriverIRQHandler
                0x000000000000014c                PORTD_DriverIRQHandler
                0x000000000000014c                I2C0_DriverIRQHandler
                0x000000000000014e                DMA0_IRQHandler
                0x0000000000000156                DMA1_IRQHandler
                0x000000000000015e                DMA2_IRQHandler
                0x0000000000000166                DMA3_IRQHandler
                0x000000000000016e                Reserved20_IRQHandler
                0x0000000000000176                FTFA_IRQHandler
                0x000000000000017e                LVD_LVW_IRQHandler
                0x0000000000000186                LLWU_IRQHandler
                0x000000000000018e                I2C0_IRQHandler
                0x0000000000000196                I2C1_IRQHandler
                0x000000000000019e                SPI0_IRQHandler
                0x00000000000001a6                SPI1_IRQHandler
                0x00000000000001ae                UART0_IRQHandler
                0x00000000000001b6                UART1_IRQHandler
                0x00000000000001be                UART2_IRQHandler
                0x00000000000001c6                ADC0_IRQHandler
                0x00000000000001ce                CMP0_IRQHandler
                0x00000000000001d6                TPM0_IRQHandler
                0x00000000000001e6                TPM2_IRQHandler
                0x00000000000001ee                RTC_IRQHandler
                0x00000000000001f6                RTC_Seconds_IRQHandler
                0x00000000000001fe                PIT_IRQHandler
                0x0000000000000206                Reserved39_IRQHandler
                0x000000000000020e                USB0_IRQHandler
                0x0000000000000216                DAC0_IRQHandler
                0x000000000000021e                TSI0_IRQHandler
                0x0000000000000226                MCG_IRQHandler
                0x000000000000022e                LPTMR0_IRQHandler
                0x0000000000000236                Reserved45_IRQHandler
                0x0000000000000246                PORTD_IRQHandler
                0x0000000000000400                . = 0x400
 *fill*         0x000000000000024e      0x1b2 ff
                0x0000000000000400                PROVIDE (__FLASH_CONFIG_START__ = .)
 *(SORT_BY_ALIGNMENT(.FlashConfig))
 .FlashConfig   0x0000000000000400       0x10 ./startup/startup_mkl25z4.o
                0x0000000000000400                Flash_Config
                0x0000000000000410                PROVIDE (__FLASH_CONFIG_END__ = .)
                0x0000000000000001                ASSERT (! ((__FLASH_CONFIG_START__ == __FLASH_CONFIG_END__)), Linker Flash Config Support Enabled, but no .FlashConfig section provided within application)
 *(SORT_BY_ALIGNMENT(.text*))
 .text.DbgConsole_Init
                0x0000000000000410       0xf4 ./utilities/fsl_debug_console.o
                0x0000000000000410                DbgConsole_Init
 .text.DbgConsole_Printf
                0x0000000000000504       0x44 ./utilities/fsl_debug_console.o
                0x0000000000000504                DbgConsole_Printf
 .text.DbgConsole_Putchar
                0x0000000000000548       0x34 ./utilities/fsl_debug_console.o
                0x0000000000000548                DbgConsole_Putchar
 .text.main     0x000000000000057c      0x14c ./source/main/Controlador_Temp.o
                0x000000000000057c                main
 .text.TPM1_Init
                0x00000000000006c8       0x94 ./source/TIMER/Timer.o
                0x00000000000006c8                TPM1_Init
 .text.TPM1_IRQHandler
                0x000000000000075c       0x28 ./source/TIMER/Timer.o
                0x000000000000075c                TPM1_IRQHandler
 .text.PWM_Write
                0x0000000000000784       0x20 ./source/PWM/Cooler.o
                0x0000000000000784                PWM_Write
 .text.PWM_SETUP
                0x00000000000007a4       0xb0 ./source/PWM/Cooler.o
                0x00000000000007a4                PWM_SETUP
 .text.NVIC_EnableIRQ
                0x0000000000000854       0x2c ./source/GPIO/Bottom.o
 .text.PORTA_IRQHandler
                0x0000000000000880       0x50 ./source/GPIO/Bottom.o
                0x0000000000000880                PORTA_IRQHandler
 .text.Configura_CLK_Bottom
                0x00000000000008d0       0x78 ./source/GPIO/Bottom.o
                0x00000000000008d0                Configura_CLK_Bottom
 .text.Bottom_Ativado
                0x0000000000000948       0x1c ./source/GPIO/Bottom.o
                0x0000000000000948                Bottom_Ativado
 .text.Led_setup
                0x0000000000000964       0x54 ./source/GPIO/LED.o
                0x0000000000000964                Led_setup
 .text.Led_configure
                0x00000000000009b8       0x64 ./source/GPIO/LED.o
                0x00000000000009b8                Led_configure
 .text.Liga_led_vermelho
                0x0000000000000a1c       0x1c ./source/GPIO/LED.o
                0x0000000000000a1c                Liga_led_vermelho
 .text.Desliga_led_vermelho
                0x0000000000000a38       0x1c ./source/GPIO/LED.o
                0x0000000000000a38                Desliga_led_vermelho
 .text.Liga_led_amarelo
                0x0000000000000a54       0x1c ./source/GPIO/LED.o
                0x0000000000000a54                Liga_led_amarelo
 .text.Desliga_led_amarelo
                0x0000000000000a70       0x1c ./source/GPIO/LED.o
                0x0000000000000a70                Desliga_led_amarelo
 .text.Liga_led_verde
                0x0000000000000a8c       0x1c ./source/GPIO/LED.o
                0x0000000000000a8c                Liga_led_verde
 .text.Desliga_led_verde
                0x0000000000000aa8       0x1c ./source/GPIO/LED.o
                0x0000000000000aa8                Desliga_led_verde
 .text.Sensor_Temp_Setup
                0x0000000000000ac4       0x34 ./source/Sensor_Temp.o
                0x0000000000000ac4                Sensor_Temp_Setup
 .text.Sensor_Temp_Read
                0x0000000000000af8       0x28 ./source/Sensor_Temp.o
                0x0000000000000af8                Sensor_Temp_Read
 .text.HardFault_Handler
                0x0000000000000b20       0x30 ./source/semihost_hardfault.o
                0x0000000000000b20                HardFault_Handler
 .text.CLOCK_SetEr32kClock
                0x0000000000000b50       0x34 ./drivers/fsl_clock.o
 .text.CLOCK_SetPllFllSelClock
                0x0000000000000b84       0x38 ./drivers/fsl_clock.o
 .text.CLOCK_GetMcgExtClkFreq
                0x0000000000000bbc       0x28 ./drivers/fsl_clock.o
 .text.CLOCK_GetFllExtRefClkFreq
                0x0000000000000be4       0xa8 ./drivers/fsl_clock.o
 .text.CLOCK_GetFllRefClkFreq
                0x0000000000000c8c       0x2c ./drivers/fsl_clock.o
 .text.CLOCK_GetOscRangeFromFreq
                0x0000000000000cb8       0x4c ./drivers/fsl_clock.o
 .text.CLOCK_GetPllFllSelClkFreq
                0x0000000000000d04       0x4c ./drivers/fsl_clock.o
                0x0000000000000d04                CLOCK_GetPllFllSelClkFreq
 .text.CLOCK_SetSimConfig
                0x0000000000000d50       0x38 ./drivers/fsl_clock.o
                0x0000000000000d50                CLOCK_SetSimConfig
 .text.CLOCK_GetFllFreq
                0x0000000000000d88       0x84 ./drivers/fsl_clock.o
                0x0000000000000d88                CLOCK_GetFllFreq
 .text.CLOCK_GetPll0Freq
                0x0000000000000e0c       0x70 ./drivers/fsl_clock.o
                0x0000000000000e0c                CLOCK_GetPll0Freq
 .text.CLOCK_SetInternalRefClkConfig
                0x0000000000000e7c      0x124 ./drivers/fsl_clock.o
                0x0000000000000e7c                CLOCK_SetInternalRefClkConfig
 .text.CLOCK_EnablePll0
                0x0000000000000fa0       0x94 ./drivers/fsl_clock.o
                0x0000000000000fa0                CLOCK_EnablePll0
 .text.CLOCK_InitOsc0
                0x0000000000001034       0x94 ./drivers/fsl_clock.o
                0x0000000000001034                CLOCK_InitOsc0
 .text.CLOCK_SetPbeMode
                0x00000000000010c8       0xb0 ./drivers/fsl_clock.o
                0x00000000000010c8                CLOCK_SetPbeMode
 .text.CLOCK_BootToPeeMode
                0x0000000000001178       0x70 ./drivers/fsl_clock.o
                0x0000000000001178                CLOCK_BootToPeeMode
 .text.__assertion_failed
                0x00000000000011e8       0x1c ./drivers/fsl_common.o
                0x00000000000011e8                __assertion_failed
 .text.CLOCK_EnableClock
                0x0000000000001204       0x34 ./drivers/fsl_lpsci.o
 .text.LPSCI_GetInstance
                0x0000000000001238       0x48 ./drivers/fsl_lpsci.o
                0x0000000000001238                LPSCI_GetInstance
 .text.LPSCI_Init
                0x0000000000001280      0x258 ./drivers/fsl_lpsci.o
                0x0000000000001280                LPSCI_Init
 .text.LPSCI_GetDefaultConfig
                0x00000000000014d8       0x44 ./drivers/fsl_lpsci.o
                0x00000000000014d8                LPSCI_GetDefaultConfig
 .text.LPSCI_ClearStatusFlags
                0x000000000000151c       0x94 ./drivers/fsl_lpsci.o
                0x000000000000151c                LPSCI_ClearStatusFlags
 .text.LPSCI_WriteBlocking
                0x00000000000015b0       0x4c ./drivers/fsl_lpsci.o
                0x00000000000015b0                LPSCI_WriteBlocking
 .text.LPSCI_ReadBlocking
                0x00000000000015fc       0xc0 ./drivers/fsl_lpsci.o
                0x00000000000015fc                LPSCI_ReadBlocking
 .text.UART0_DriverIRQHandler
                0x00000000000016bc       0x24 ./drivers/fsl_lpsci.o
                0x00000000000016bc                UART0_DriverIRQHandler
 .text.CLOCK_EnableClock
                0x00000000000016e0       0x34 ./drivers/fsl_uart.o
 .text.UART_GetInstance
                0x0000000000001714       0x54 ./drivers/fsl_uart.o
                0x0000000000001714                UART_GetInstance
 .text.UART_Init
                0x0000000000001768      0x1e0 ./drivers/fsl_uart.o
                0x0000000000001768                UART_Init
 .text.UART_GetDefaultConfig
                0x0000000000001948       0x44 ./drivers/fsl_uart.o
                0x0000000000001948                UART_GetDefaultConfig
 .text.UART_ReadBlocking
                0x000000000000198c       0x98 ./drivers/fsl_uart.o
                0x000000000000198c                UART_ReadBlocking
 .text.UART1_DriverIRQHandler
                0x0000000000001a24       0x24 ./drivers/fsl_uart.o
                0x0000000000001a24                UART1_DriverIRQHandler
 .text.UART2_DriverIRQHandler
                0x0000000000001a48       0x24 ./drivers/fsl_uart.o
                0x0000000000001a48                UART2_DriverIRQHandler
 .text.CLOCK_SetLpsci0Clock
                0x0000000000001a6c       0x38 ./board/board.o
 .text.BOARD_InitDebugConsole
                0x0000000000001aa4       0x30 ./board/board.o
                0x0000000000001aa4                BOARD_InitDebugConsole
 .text.CLOCK_SetSimSafeDivs
                0x0000000000001ad4       0x20 ./board/clock_config.o
 .text.CLOCK_SetXtal0Freq
                0x0000000000001af4       0x1c ./board/clock_config.o
 .text.CLOCK_CONFIG_SetFllExtRefDiv
                0x0000000000001b10       0x3c ./board/clock_config.o
 .text.BOARD_BootClockRUN
                0x0000000000001b4c       0x64 ./board/clock_config.o
                0x0000000000001b4c                BOARD_BootClockRUN
 .text.CLOCK_EnableClock
                0x0000000000001bb0       0x34 ./board/pin_mux.o
 .text.PORT_SetPinMux
                0x0000000000001be4       0x40 ./board/pin_mux.o
 .text.BOARD_InitPins
                0x0000000000001c24       0x4c ./board/pin_mux.o
                0x0000000000001c24                BOARD_InitPins
 .text.SystemInit
                0x0000000000001c70       0x18 ./CMSIS/system_MKL25Z4.o
                0x0000000000001c70                SystemInit
 .text._initio  0x0000000000001c88       0x7c /usr/local/mcuxpressoide-11.5.0_7232/ide/plugins/com.nxp.mcuxpresso.tools.linux_11.5.0.202107051138/tools/bin/../lib/gcc/arm-none-eabi/10.3.1/../../../../arm-none-eabi/lib/thumb/v6-m/nofp/libcr_c.a(initio.o)
                0x0000000000001c88                _initio
 .text.setvbuf  0x0000000000001d04       0x4c /usr/local/mcuxpressoide-11.5.0_7232/ide/plugins/com.nxp.mcuxpresso.tools.linux_11.5.0.202107051138/tools/bin/../lib/gcc/arm-none-eabi/10.3.1/../../../../arm-none-eabi/lib/thumb/v6-m/nofp/libcr_c.a(setvbuf.o)
                0x0000000000001d04                setvbuf
 .text.strlen   0x0000000000001d50       0x58 /usr/local/mcuxpressoide-11.5.0_7232/ide/plugins/com.nxp.mcuxpresso.tools.linux_11.5.0.202107051138/tools/bin/../lib/gcc/arm-none-eabi/10.3.1/../../../../arm-none-eabi/lib/thumb/v6-m/nofp/libcr_c.a(strlen.o)
                0x0000000000001d50                strlen
 .text._fdopen  0x0000000000001da8       0x74 /usr/local/mcuxpressoide-11.5.0_7232/ide/plugins/com.nxp.mcuxpresso.tools.linux_11.5.0.202107051138/tools/bin/../lib/gcc/arm-none-eabi/10.3.1/../../../../arm-none-eabi/lib/thumb/v6-m/nofp/libcr_c.a(_fdopen.o)
                0x0000000000001da8                _fdopen
 .text.fclose   0x0000000000001e1c       0x5c /usr/local/mcuxpressoide-11.5.0_7232/ide/plugins/com.nxp.mcuxpresso.tools.linux_11.5.0.202107051138/tools/bin/../lib/gcc/arm-none-eabi/10.3.1/../../../../arm-none-eabi/lib/thumb/v6-m/nofp/libcr_c.a(fclose.o)
                0x0000000000001e1c                fclose
 .text.fflush   0x0000000000001e78       0x44 /usr/local/mcuxpressoide-11.5.0_7232/ide/plugins/com.nxp.mcuxpresso.tools.linux_11.5.0.202107051138/tools/bin/../lib/gcc/arm-none-eabi/10.3.1/../../../../arm-none-eabi/lib/thumb/v6-m/nofp/libcr_c.a(fflush.o)
                0x0000000000001e78                fflush
 .text.fseek    0x0000000000001ebc       0xf0 /usr/local/mcuxpressoide-11.5.0_7232/ide/plugins/com.nxp.mcuxpresso.tools.linux_11.5.0.202107051138/tools/bin/../lib/gcc/arm-none-eabi/10.3.1/../../../../arm-none-eabi/lib/thumb/v6-m/nofp/libcr_c.a(fseek.o)
                0x0000000000001ebc                fseek
 .text.ftell    0x0000000000001fac       0x48 /usr/local/mcuxpressoide-11.5.0_7232/ide/plugins/com.nxp.mcuxpresso.tools.linux_11.5.0.202107051138/tools/bin/../lib/gcc/arm-none-eabi/10.3.1/../../../../arm-none-eabi/lib/thumb/v6-m/nofp/libcr_c.a(ftell.o)
                0x0000000000001fac                ftell
 .text._do_fflush
                0x0000000000001ff4       0x48 /usr/local/mcuxpressoide-11.5.0_7232/ide/plugins/com.nxp.mcuxpresso.tools.linux_11.5.0.202107051138/tools/bin/../lib/gcc/arm-none-eabi/10.3.1/../../../../arm-none-eabi/lib/thumb/v6-m/nofp/libcr_c.a(_do_fflush.o)
                0x0000000000001ff4                _do_fflush
 .text._fflush  0x000000000000203c       0x60 /usr/local/mcuxpressoide-11.5.0_7232/ide/plugins/com.nxp.mcuxpresso.tools.linux_11.5.0.202107051138/tools/bin/../lib/gcc/arm-none-eabi/10.3.1/../../../../arm-none-eabi/lib/thumb/v6-m/nofp/libcr_c.a(_fflush.o)
                0x000000000000203c                _fflush
 .text._Cwritebuf
                0x000000000000209c       0x68 /usr/local/mcuxpressoide-11.5.0_7232/ide/plugins/com.nxp.mcuxpresso.tools.linux_11.5.0.202107051138/tools/bin/../lib/gcc/arm-none-eabi/10.3.1/../../../../arm-none-eabi/lib/thumb/v6-m/nofp/libcr_c.a(_writebuf.o)
                0x000000000000209c                _Cwritebuf
 .text._deferredlazyseek
                0x0000000000002104       0x40 /usr/local/mcuxpressoide-11.5.0_7232/ide/plugins/com.nxp.mcuxpresso.tools.linux_11.5.0.202107051138/tools/bin/../lib/gcc/arm-none-eabi/10.3.1/../../../../arm-none-eabi/lib/thumb/v6-m/nofp/libcr_c.a(_deferredlazyseek.o)
                0x0000000000002104                _deferredlazyseek
 .text.__aeabi_dmul
                0x0000000000002144      0x184 /usr/local/mcuxpressoide-11.5.0_7232/ide/plugins/com.nxp.mcuxpresso.tools.linux_11.5.0.202107051138/tools/bin/../lib/gcc/arm-none-eabi/10.3.1/thumb/v6-m/nofp/libcr_eabihelpers.a(double.o)
                0x0000000000002144                __aeabi_dmul
 .text.__aeabi_ddiv
                0x00000000000022c8      0x14c /usr/local/mcuxpressoide-11.5.0_7232/ide/plugins/com.nxp.mcuxpresso.tools.linux_11.5.0.202107051138/tools/bin/../lib/gcc/arm-none-eabi/10.3.1/thumb/v6-m/nofp/libcr_eabihelpers.a(double.o)
                0x00000000000022c8                __aeabi_ddiv
 .text.__aeabi_d2iz
                0x0000000000002414       0x50 /usr/local/mcuxpressoide-11.5.0_7232/ide/plugins/com.nxp.mcuxpresso.tools.linux_11.5.0.202107051138/tools/bin/../lib/gcc/arm-none-eabi/10.3.1/thumb/v6-m/nofp/libcr_eabihelpers.a(double.o)
                0x0000000000002414                __aeabi_d2iz
 .text.UART_EnableTx
                0x0000000000002464       0x40 ./utilities/fsl_debug_console.o
 .text.UART_EnableRx
                0x00000000000024a4       0x40 ./utilities/fsl_debug_console.o
 .text.LPSCI_EnableTx
                0x00000000000024e4       0x40 ./utilities/fsl_debug_console.o
 .text.LPSCI_EnableRx
                0x0000000000002524       0x40 ./utilities/fsl_debug_console.o
 .text.DbgConsole_PrintfPaddingCharacter
                0x0000000000002564       0x48 ./utilities/fsl_debug_console.o
 .text.DbgConsole_ConvertRadixNumToString
                0x00000000000025ac      0x114 ./utilities/fsl_debug_console.o
 .text.DbgConsole_PrintfFormattedData
                0x00000000000026c0      0x33a ./utilities/fsl_debug_console.o
 .text.Liga_Cooler
                0x00000000000029fa       0x14 ./source/PWM/Cooler.o
                0x00000000000029fa                Liga_Cooler
 .text.Desliga_Cooler
                0x0000000000002a0e       0x10 ./source/PWM/Cooler.o
                0x0000000000002a0e                Desliga_Cooler
 .text.Liga_Cooler_Controlado
                0x0000000000002a1e       0x14 ./source/PWM/Cooler.o
                0x0000000000002a1e                Liga_Cooler_Controlado
 .text.OSC_SetExtRefClkConfig
                0x0000000000002a32       0x3e ./drivers/fsl_clock.o
 .text.OSC_SetCapLoad
                0x0000000000002a70       0x42 ./drivers/fsl_clock.o
 .text.CLOCK_GetPll0RefFreq
                0x0000000000002ab2       0x10 ./drivers/fsl_clock.o
 .text.CLOCK_SetExternalRefClkConfig
                0x0000000000002ac2       0x16 ./drivers/fsl_clock.o
                0x0000000000002ac2                CLOCK_SetExternalRefClkConfig
 .text.LPSCI_GetStatusFlags
                0x0000000000002ad8       0x26 ./drivers/fsl_lpsci.o
                0x0000000000002ad8                LPSCI_GetStatusFlags
 .text.UART_GetStatusFlags
                0x0000000000002afe       0x26 ./drivers/fsl_uart.o
                0x0000000000002afe                UART_GetStatusFlags
 .text.UART_WriteBlocking
                0x0000000000002b24       0x3c ./drivers/fsl_uart.o
                0x0000000000002b24                UART_WriteBlocking
 .text.BOARD_InitBootClocks
                0x0000000000002b60        0xe ./board/clock_config.o
                0x0000000000002b60                BOARD_InitBootClocks
 .text.BOARD_InitBootPeripherals
                0x0000000000002b6e        0xa ./board/peripherals.o
                0x0000000000002b6e                BOARD_InitBootPeripherals
 .text.BOARD_InitBootPins
                0x0000000000002b78        0xe ./board/pin_mux.o
                0x0000000000002b78                BOARD_InitBootPins
 .text.__main   0x0000000000002b86        0xc /usr/local/mcuxpressoide-11.5.0_7232/ide/plugins/com.nxp.mcuxpresso.tools.linux_11.5.0.202107051138/tools/bin/../lib/gcc/arm-none-eabi/10.3.1/../../../../arm-none-eabi/lib/thumb/v6-m/nofp/libcr_nohost_nf.a(_cr__main.o)
                0x0000000000002b86                __main
 .text.memset   0x0000000000002b92        0x8 /usr/local/mcuxpressoide-11.5.0_7232/ide/plugins/com.nxp.mcuxpresso.tools.linux_11.5.0.202107051138/tools/bin/../lib/gcc/arm-none-eabi/10.3.1/../../../../arm-none-eabi/lib/thumb/v6-m/nofp/libcr_c.a(memset.o)
                0x0000000000002b92                memset
 .text.remove   0x0000000000002b9a       0x12 /usr/local/mcuxpressoide-11.5.0_7232/ide/plugins/com.nxp.mcuxpresso.tools.linux_11.5.0.202107051138/tools/bin/../lib/gcc/arm-none-eabi/10.3.1/../../../../arm-none-eabi/lib/thumb/v6-m/nofp/libcr_c.a(remove.o)
                0x0000000000002b9a                remove
 .text.free     0x0000000000002bac       0x2c /usr/local/mcuxpressoide-11.5.0_7232/ide/plugins/com.nxp.mcuxpresso.tools.linux_11.5.0.202107051138/tools/bin/../lib/gcc/arm-none-eabi/10.3.1/../../../../arm-none-eabi/lib/thumb/v6-m/nofp/libcr_c.a(alloc.o)
                0x0000000000002bac                free
 .text.__aeabi_division_idivmod
                0x0000000000002bd8       0x78 /usr/local/mcuxpressoide-11.5.0_7232/ide/plugins/com.nxp.mcuxpresso.tools.linux_11.5.0.202107051138/tools/bin/../lib/gcc/arm-none-eabi/10.3.1/thumb/v6-m/nofp/libcr_eabihelpers.a(division_32.o)
                0x0000000000002bd8                __aeabi_idiv
                0x0000000000002bd8                __aeabi_idivmod
                0x0000000000002bde                __aeabi_uidiv
                0x0000000000002bde                __aeabi_uidivmod
 .text.__aeabi_division_idiv0
                0x0000000000002c50        0x2 /usr/local/mcuxpressoide-11.5.0_7232/ide/plugins/com.nxp.mcuxpresso.tools.linux_11.5.0.202107051138/tools/bin/../lib/gcc/arm-none-eabi/10.3.1/thumb/v6-m/nofp/libcr_eabihelpers.a(division_idiv0.o)
                0x0000000000002c50                __aeabi_idiv0
 .text.__bhs_ui2d
                0x0000000000002c52       0x5e /usr/local/mcuxpressoide-11.5.0_7232/ide/plugins/com.nxp.mcuxpresso.tools.linux_11.5.0.202107051138/tools/bin/../lib/gcc/arm-none-eabi/10.3.1/thumb/v6-m/nofp/libcr_eabihelpers.a(double.o)
                0x0000000000002c52                __bhs_ui2d
 .text.__aeabi_i2d
                0x0000000000002cb0       0x18 /usr/local/mcuxpressoide-11.5.0_7232/ide/plugins/com.nxp.mcuxpresso.tools.linux_11.5.0.202107051138/tools/bin/../lib/gcc/arm-none-eabi/10.3.1/thumb/v6-m/nofp/libcr_eabihelpers.a(double.o)
                0x0000000000002cb0                __aeabi_i2d
 .text.__aeabi_llong_lmul
                0x0000000000002cc8       0x2e /usr/local/mcuxpressoide-11.5.0_7232/ide/plugins/com.nxp.mcuxpresso.tools.linux_11.5.0.202107051138/tools/bin/../lib/gcc/arm-none-eabi/10.3.1/thumb/v6-m/nofp/libcr_eabihelpers.a(llong.o)
                0x0000000000002cc8                __aeabi_lmul
 .text.__aeabi_memset_lowlevel
                0x0000000000002cf6       0x2a /usr/local/mcuxpressoide-11.5.0_7232/ide/plugins/com.nxp.mcuxpresso.tools.linux_11.5.0.202107051138/tools/bin/../lib/gcc/arm-none-eabi/10.3.1/thumb/v6-m/nofp/libcr_eabihelpers.a(memcpy.o)
                0x0000000000002cf6                __aeabi_lowlevel_memset
 .text.__sys_close
                0x0000000000002d20        0x6 /usr/local/mcuxpressoide-11.5.0_7232/ide/plugins/com.nxp.mcuxpresso.tools.linux_11.5.0.202107051138/tools/bin/../lib/gcc/arm-none-eabi/10.3.1/../../../../arm-none-eabi/lib/thumb/v6-m/nofp/libcr_nohost_nf.a(__sys_close.o)
                0x0000000000002d20                __sys_close
 .text.__sys_flen
                0x0000000000002d26        0x6 /usr/local/mcuxpressoide-11.5.0_7232/ide/plugins/com.nxp.mcuxpresso.tools.linux_11.5.0.202107051138/tools/bin/../lib/gcc/arm-none-eabi/10.3.1/../../../../arm-none-eabi/lib/thumb/v6-m/nofp/libcr_nohost_nf.a(__sys_flen.o)
                0x0000000000002d26                __sys_flen
 .text.__sys_istty
                0x0000000000002d2c        0x6 /usr/local/mcuxpressoide-11.5.0_7232/ide/plugins/com.nxp.mcuxpresso.tools.linux_11.5.0.202107051138/tools/bin/../lib/gcc/arm-none-eabi/10.3.1/../../../../arm-none-eabi/lib/thumb/v6-m/nofp/libcr_nohost_nf.a(__sys_istty.o)
                0x0000000000002d2c                __sys_istty
 .text.__sys_remove
                0x0000000000002d32        0x6 /usr/local/mcuxpressoide-11.5.0_7232/ide/plugins/com.nxp.mcuxpresso.tools.linux_11.5.0.202107051138/tools/bin/../lib/gcc/arm-none-eabi/10.3.1/../../../../arm-none-eabi/lib/thumb/v6-m/nofp/libcr_nohost_nf.a(__sys_remove.o)
                0x0000000000002d32                __sys_remove
 .text.__sys_seek
                0x0000000000002d38        0x6 /usr/local/mcuxpressoide-11.5.0_7232/ide/plugins/com.nxp.mcuxpresso.tools.linux_11.5.0.202107051138/tools/bin/../lib/gcc/arm-none-eabi/10.3.1/../../../../arm-none-eabi/lib/thumb/v6-m/nofp/libcr_nohost_nf.a(__sys_seek.o)
                0x0000000000002d38                __sys_seek
 .text.__sys_tmpnam
                0x0000000000002d3e        0x6 /usr/local/mcuxpressoide-11.5.0_7232/ide/plugins/com.nxp.mcuxpresso.tools.linux_11.5.0.202107051138/tools/bin/../lib/gcc/arm-none-eabi/10.3.1/../../../../arm-none-eabi/lib/thumb/v6-m/nofp/libcr_nohost_nf.a(__sys_tmpnam.o)
                0x0000000000002d3e                __sys_tmpnam
 .text.__sys_write
                0x0000000000002d44        0x4 /usr/local/mcuxpressoide-11.5.0_7232/ide/plugins/com.nxp.mcuxpresso.tools.linux_11.5.0.202107051138/tools/bin/../lib/gcc/arm-none-eabi/10.3.1/../../../../arm-none-eabi/lib/thumb/v6-m/nofp/libcr_nohost_nf.a(__sys_write.o)
                0x0000000000002d44                __sys_write
 *(SORT_BY_ALIGNMENT(.rodata) SORT_BY_ALIGNMENT(.rodata.*) SORT_BY_ALIGNMENT(.constdata) SORT_BY_ALIGNMENT(.constdata.*))
 .rodata.main.str1.4
                0x0000000000002d48       0x18 ./source/main/Controlador_Temp.o
 .rodata.CLOCK_GetMcgExtClkFreq.str1.4
                0x0000000000002d60       0x1e ./drivers/fsl_clock.o
 *fill*         0x0000000000002d7e        0x2 ff
 .rodata.CLOCK_GetPll0Freq.str1.4
                0x0000000000002d80       0x1d ./drivers/fsl_clock.o
 *fill*         0x0000000000002d9d        0x3 ff
 .rodata.CLOCK_EnablePll0.str1.4
                0x0000000000002da0       0x19 ./drivers/fsl_clock.o
 *fill*         0x0000000000002db9        0x3 ff
 .rodata.CLOCK_SetPbeMode.str1.4
                0x0000000000002dbc       0x1a ./drivers/fsl_clock.o
 *fill*         0x0000000000002dd6        0x2 ff
 .rodata.CLOCK_BootToPeeMode.str1.4
                0x0000000000002dd8       0x1a ./drivers/fsl_clock.o
 *fill*         0x0000000000002df2        0x2 ff
 .rodata.fllFactorTable.1
                0x0000000000002df4       0x10 ./drivers/fsl_clock.o
 .rodata.__assertion_failed.str1.4
                0x0000000000002e04        0x4 ./drivers/fsl_common.o
 .rodata.LPSCI_GetInstance.str1.4
                0x0000000000002e08       0x36 ./drivers/fsl_lpsci.o
 *fill*         0x0000000000002e3e        0x2 ff
 .rodata.LPSCI_Init.str1.4
                0x0000000000002e40       0x43 ./drivers/fsl_lpsci.o
 *fill*         0x0000000000002e83        0x1 ff
 .rodata.LPSCI_GetDefaultConfig.str1.4
                0x0000000000002e84       0x19 ./drivers/fsl_lpsci.o
 *fill*         0x0000000000002e9d        0x3 ff
 .rodata.LPSCI_WriteBlocking.str1.4
                0x0000000000002ea0       0x17 ./drivers/fsl_lpsci.o
 *fill*         0x0000000000002eb7        0x1 ff
 .rodata.LPSCI_ReadBlocking.str1.4
                0x0000000000002eb8       0x17 ./drivers/fsl_lpsci.o
 *fill*         0x0000000000002ecf        0x1 ff
 .rodata.s_uartBases
                0x0000000000002ed0        0xc ./drivers/fsl_uart.o
 .rodata.s_uartClock
                0x0000000000002edc        0xc ./drivers/fsl_uart.o
 .rodata.UART_GetInstance.str1.4
                0x0000000000002ee8       0x2b ./drivers/fsl_uart.o
 *fill*         0x0000000000002f13        0x1 ff
 .rodata.UART_Init.str1.4
                0x0000000000002f14       0x3e ./drivers/fsl_uart.o
 *fill*         0x0000000000002f52        0x2 ff
 .rodata.UART_GetDefaultConfig.str1.4
                0x0000000000002f54       0x18 ./drivers/fsl_uart.o
 .rodata.UART_ReadBlocking.str1.4
                0x0000000000002f6c       0x16 ./drivers/fsl_uart.o
 *fill*         0x0000000000002f82        0x2 ff
 .rodata.mcgConfig_BOARD_BootClockRUN
                0x0000000000002f84        0xa ./board/clock_config.o
                0x0000000000002f84                mcgConfig_BOARD_BootClockRUN
 *fill*         0x0000000000002f8e        0x2 ff
 .rodata.simConfig_BOARD_BootClockRUN
                0x0000000000002f90        0x8 ./board/clock_config.o
                0x0000000000002f90                simConfig_BOARD_BootClockRUN
 .rodata.oscConfig_BOARD_BootClockRUN
                0x0000000000002f98        0x8 ./board/clock_config.o
                0x0000000000002f98                oscConfig_BOARD_BootClockRUN
 .rodata.__num_Ciob_streams
                0x0000000000002fa0        0x4 /usr/local/mcuxpressoide-11.5.0_7232/ide/plugins/com.nxp.mcuxpresso.tools.linux_11.5.0.202107051138/tools/bin/../lib/gcc/arm-none-eabi/10.3.1/../../../../arm-none-eabi/lib/thumb/v6-m/nofp/libcr_nohost_nf.a(__ciob.o)
                0x0000000000002fa0                __num_Ciob_streams
 .rodata._initio.str1.1
                0x0000000000002fa4        0x4 /usr/local/mcuxpressoide-11.5.0_7232/ide/plugins/com.nxp.mcuxpresso.tools.linux_11.5.0.202107051138/tools/bin/../lib/gcc/arm-none-eabi/10.3.1/../../../../arm-none-eabi/lib/thumb/v6-m/nofp/libcr_c.a(initio.o)
                0x0000000000002fa8                . = ALIGN (0x4)

.glue_7         0x0000000000002fa8        0x0
 .glue_7        0x0000000000002fa8        0x0 linker stubs

.glue_7t        0x0000000000002fa8        0x0
 .glue_7t       0x0000000000002fa8        0x0 linker stubs

.vfp11_veneer   0x0000000000002fa8        0x0
 .vfp11_veneer  0x0000000000002fa8        0x0 linker stubs

.v4_bx          0x0000000000002fa8        0x0
 .v4_bx         0x0000000000002fa8        0x0 linker stubs

.iplt           0x0000000000002fa8        0x0
 .iplt          0x0000000000002fa8        0x0 ./utilities/fsl_debug_console.o

.rel.dyn        0x0000000000002fa8        0x0
 .rel.iplt      0x0000000000002fa8        0x0 ./utilities/fsl_debug_console.o

.ARM.extab
 *(SORT_BY_ALIGNMENT(.ARM.extab*) SORT_BY_ALIGNMENT(.gnu.linkonce.armextab.*))

.ARM.exidx      0x0000000000002fa8        0x0
                0x0000000000002fa8                __exidx_start = .
 *(SORT_BY_ALIGNMENT(.ARM.exidx*) SORT_BY_ALIGNMENT(.gnu.linkonce.armexidx.*))
                0x0000000000002fa8                __exidx_end = .
                0x0000000000002fa8                _etext = .

.m_usb_data
 *(SORT_BY_ALIGNMENT(m_usb_bdt))

.mtb_buffer_default
                0x000000001ffff000       0x80
 *(SORT_BY_ALIGNMENT(.mtb*))
 .mtb.$RAM1     0x000000001ffff000       0x80 ./source/mtb.o
                0x000000001ffff000                __mtb_buffer__

.uninit_RESERVED
                0x000000001ffff080        0x0
                0x000000001ffff080                _start_uninit_RESERVED = .
 *(SORT_BY_ALIGNMENT(.bss.$RESERVED*))
                0x000000001ffff080                . = ALIGN (0x4)
                0x000000001ffff080                _end_uninit_RESERVED = .

.data           0x000000001ffff080        0xc load address 0x0000000000002fa8
 FILL mask 0xff
                0x000000001ffff080                _data = .
                [!provide]                        PROVIDE (__start_data_RAM = .)
                [!provide]                        PROVIDE (__start_data_SRAM = .)
 *(SORT_BY_ALIGNMENT(vtable))
 *(SORT_BY_ALIGNMENT(.ramfunc*))
 *(SORT_BY_ALIGNMENT(CodeQuickAccess))
 *(SORT_BY_ALIGNMENT(DataQuickAccess))
 *(SORT_BY_ALIGNMENT(RamFunction))
 *(SORT_BY_ALIGNMENT(.data*))
 .data.ativado  0x000000001ffff080        0x4 ./source/main/Controlador_Temp.o
                0x000000001ffff080                ativado
 .data.s_slowIrcFreq
                0x000000001ffff084        0x4 ./drivers/fsl_clock.o
 .data.SystemCoreClock
                0x000000001ffff088        0x4 ./CMSIS/system_MKL25Z4.o
                0x000000001ffff088                SystemCoreClock
                0x000000001ffff08c                . = ALIGN (0x4)
                0x000000001ffff08c                _edata = .
                [!provide]                        PROVIDE (__end_data_RAM = .)
                [!provide]                        PROVIDE (__end_data_SRAM = .)

.igot.plt       0x000000001ffff08c        0x0 load address 0x0000000000002fb4
 .igot.plt      0x000000001ffff08c        0x0 ./utilities/fsl_debug_console.o

.bss            0x000000001ffff08c       0xe8
                0x000000001ffff08c                _bss = .
                [!provide]                        PROVIDE (__start_bss_RAM = .)
                [!provide]                        PROVIDE (__start_bss_SRAM = .)
 *(SORT_BY_ALIGNMENT(.bss*))
 .bss.s_debugConsole
                0x000000001ffff08c       0x10 ./utilities/fsl_debug_console.o
 .bss.Bottom_Pressed
                0x000000001ffff09c        0x4 ./source/GPIO/Bottom.o
                0x000000001ffff09c                Bottom_Pressed
 .bss.g_xtal0Freq
                0x000000001ffff0a0        0x4 ./drivers/fsl_clock.o
                0x000000001ffff0a0                g_xtal0Freq
 .bss.s_lpsciHandle
                0x000000001ffff0a4        0x4 ./drivers/fsl_lpsci.o
 .bss.s_lpsciIsr
                0x000000001ffff0a8        0x4 ./drivers/fsl_lpsci.o
 .bss.s_uartHandle
                0x000000001ffff0ac        0xc ./drivers/fsl_uart.o
 .bss.s_uartIsr
                0x000000001ffff0b8        0x4 ./drivers/fsl_uart.o
 .bss.errno     0x000000001ffff0bc        0x4 /usr/local/mcuxpressoide-11.5.0_7232/ide/plugins/com.nxp.mcuxpresso.tools.linux_11.5.0.202107051138/tools/bin/../lib/gcc/arm-none-eabi/10.3.1/../../../../arm-none-eabi/lib/thumb/v6-m/nofp/libcr_c.a(errno.o)
                0x000000001ffff0bc                errno
 .bss.__Ciob    0x000000001ffff0c0       0xb4 /usr/local/mcuxpressoide-11.5.0_7232/ide/plugins/com.nxp.mcuxpresso.tools.linux_11.5.0.202107051138/tools/bin/../lib/gcc/arm-none-eabi/10.3.1/../../../../arm-none-eabi/lib/thumb/v6-m/nofp/libcr_nohost_nf.a(__ciob.o)
                0x000000001ffff0c0                __Ciob
 *(SORT_BY_ALIGNMENT(COMMON))
                0x000000001ffff174                . = ALIGN (0x4)
                0x000000001ffff174                _ebss = .
                [!provide]                        PROVIDE (__end_bss_RAM = .)
                [!provide]                        PROVIDE (__end_bss_SRAM = .)
                [!provide]                        PROVIDE (end = .)

.noinit         0x000000001ffff174        0x0
                0x000000001ffff174                _noinit = .
                [!provide]                        PROVIDE (__start_noinit_RAM = .)
                [!provide]                        PROVIDE (__start_noinit_SRAM = .)
 *(SORT_BY_ALIGNMENT(.noinit*))
                0x000000001ffff174                . = ALIGN (0x4)
                0x000000001ffff174                _end_noinit = .
                [!provide]                        PROVIDE (__end_noinit_RAM = .)
                [!provide]                        PROVIDE (__end_noinit_SRAM = .)
                0x0000000000000400                _HeapSize = 0x400

.heap           0x000000001ffff174      0x400
                0x000000001ffff174                _pvHeapStart = .
                0x000000001ffff574                . = (. + _HeapSize)
 *fill*         0x000000001ffff174      0x400 
                0x000000001ffff574                . = ALIGN (0x4)
                0x000000001ffff574                _pvHeapLimit = .
                0x0000000000000400                _StackSize = 0x400

.heap2stackfill
                0x000000001ffff574      0x400
                0x000000001ffff974                . = (. + _StackSize)
 *fill*         0x000000001ffff574      0x400 

.stack          0x0000000020002c00        0x0
                0x0000000020002c00                _vStackBase = .
                0x0000000020002c00                . = ALIGN (0x4)
                0x0000000020003000                _vStackTop = (. + _StackSize)
                0x0000000000000000                _image_start = LOADADDR (.text)
                0x0000000000002fb4                _image_end = (LOADADDR (.data) + SIZEOF (.data))
                0x0000000000002fb4                _image_size = (_image_end - _image_start)
OUTPUT(Controlador_Temp.axf elf32-littlearm)
LOAD linker stubs

.debug_info     0x0000000000000000     0x8e62
 .debug_info    0x0000000000000000      0xe16 ./utilities/fsl_debug_console.o
 .debug_info    0x0000000000000e16      0x4eb ./startup/startup_mkl25z4.o
 .debug_info    0x0000000000001301      0x38b ./source/main/Controlador_Temp.o
 .debug_info    0x000000000000168c      0x58a ./source/TIMER/Timer.o
 .debug_info    0x0000000000001c16      0x56b ./source/PWM/Cooler.o
 .debug_info    0x0000000000002181      0x603 ./source/GPIO/Bottom.o
 .debug_info    0x0000000000002784      0x40d ./source/GPIO/LED.o
 .debug_info    0x0000000000002b91      0x471 ./source/Sensor_Temp.o
 .debug_info    0x0000000000003002       0x53 ./source/mtb.o
 .debug_info    0x0000000000003055       0x3c ./source/semihost_hardfault.o
 .debug_info    0x0000000000003091     0x1a5a ./drivers/fsl_clock.o
 .debug_info    0x0000000000004aeb      0x3e8 ./drivers/fsl_common.o
 .debug_info    0x0000000000004ed3     0x140d ./drivers/fsl_lpsci.o
 .debug_info    0x00000000000062e0     0x13ae ./drivers/fsl_uart.o
 .debug_info    0x000000000000768e      0x394 ./board/board.o
 .debug_info    0x0000000000007a22      0xabc ./board/clock_config.o
 .debug_info    0x00000000000084de       0x3c ./board/peripherals.o
 .debug_info    0x000000000000851a      0x547 ./board/pin_mux.o
 .debug_info    0x0000000000008a61      0x401 ./CMSIS/system_MKL25Z4.o

.debug_abbrev   0x0000000000000000     0x1cd5
 .debug_abbrev  0x0000000000000000      0x2a5 ./utilities/fsl_debug_console.o
 .debug_abbrev  0x00000000000002a5      0x198 ./startup/startup_mkl25z4.o
 .debug_abbrev  0x000000000000043d      0x13a ./source/main/Controlador_Temp.o
 .debug_abbrev  0x0000000000000577      0x10a ./source/TIMER/Timer.o
 .debug_abbrev  0x0000000000000681      0x108 ./source/PWM/Cooler.o
 .debug_abbrev  0x0000000000000789      0x183 ./source/GPIO/Bottom.o
 .debug_abbrev  0x000000000000090c       0xdd ./source/GPIO/LED.o
 .debug_abbrev  0x00000000000009e9       0xf7 ./source/Sensor_Temp.o
 .debug_abbrev  0x0000000000000ae0       0x46 ./source/mtb.o
 .debug_abbrev  0x0000000000000b26       0x31 ./source/semihost_hardfault.o
 .debug_abbrev  0x0000000000000b57      0x357 ./drivers/fsl_clock.o
 .debug_abbrev  0x0000000000000eae      0x25b ./drivers/fsl_common.o
 .debug_abbrev  0x0000000000001109      0x2d7 ./drivers/fsl_lpsci.o
 .debug_abbrev  0x00000000000013e0      0x2f1 ./drivers/fsl_uart.o
 .debug_abbrev  0x00000000000016d1      0x11b ./board/board.o
 .debug_abbrev  0x00000000000017ec      0x201 ./board/clock_config.o
 .debug_abbrev  0x00000000000019ed       0x31 ./board/peripherals.o
 .debug_abbrev  0x0000000000001a1e      0x189 ./board/pin_mux.o
 .debug_abbrev  0x0000000000001ba7      0x12e ./CMSIS/system_MKL25Z4.o

.debug_aranges  0x0000000000000000      0x8d0
 .debug_aranges
                0x0000000000000000       0x90 ./utilities/fsl_debug_console.o
 .debug_aranges
                0x0000000000000090      0x160 ./startup/startup_mkl25z4.o
 .debug_aranges
                0x00000000000001f0       0x28 ./source/main/Controlador_Temp.o
 .debug_aranges
                0x0000000000000218       0x28 ./source/TIMER/Timer.o
 .debug_aranges
                0x0000000000000240       0x40 ./source/PWM/Cooler.o
 .debug_aranges
                0x0000000000000280       0x40 ./source/GPIO/Bottom.o
 .debug_aranges
                0x00000000000002c0       0x58 ./source/GPIO/LED.o
 .debug_aranges
                0x0000000000000318       0x28 ./source/Sensor_Temp.o
 .debug_aranges
                0x0000000000000340       0x18 ./source/mtb.o
 .debug_aranges
                0x0000000000000358       0x20 ./source/semihost_hardfault.o
 .debug_aranges
                0x0000000000000378      0x1d8 ./drivers/fsl_clock.o
 .debug_aranges
                0x0000000000000550       0x38 ./drivers/fsl_common.o
 .debug_aranges
                0x0000000000000588      0x118 ./drivers/fsl_lpsci.o
 .debug_aranges
                0x00000000000006a0      0x130 ./drivers/fsl_uart.o
 .debug_aranges
                0x00000000000007d0       0x28 ./board/board.o
 .debug_aranges
                0x00000000000007f8       0x58 ./board/clock_config.o
 .debug_aranges
                0x0000000000000850       0x20 ./board/peripherals.o
 .debug_aranges
                0x0000000000000870       0x38 ./board/pin_mux.o
 .debug_aranges
                0x00000000000008a8       0x28 ./CMSIS/system_MKL25Z4.o

.debug_ranges   0x0000000000000000      0x798
 .debug_ranges  0x0000000000000000       0x80 ./utilities/fsl_debug_console.o
 .debug_ranges  0x0000000000000080      0x150 ./startup/startup_mkl25z4.o
 .debug_ranges  0x00000000000001d0       0x18 ./source/main/Controlador_Temp.o
 .debug_ranges  0x00000000000001e8       0x18 ./source/TIMER/Timer.o
 .debug_ranges  0x0000000000000200       0x30 ./source/PWM/Cooler.o
 .debug_ranges  0x0000000000000230       0x30 ./source/GPIO/Bottom.o
 .debug_ranges  0x0000000000000260       0x48 ./source/GPIO/LED.o
 .debug_ranges  0x00000000000002a8       0x18 ./source/Sensor_Temp.o
 .debug_ranges  0x00000000000002c0       0x10 ./source/semihost_hardfault.o
 .debug_ranges  0x00000000000002d0      0x1c8 ./drivers/fsl_clock.o
 .debug_ranges  0x0000000000000498       0x28 ./drivers/fsl_common.o
 .debug_ranges  0x00000000000004c0      0x108 ./drivers/fsl_lpsci.o
 .debug_ranges  0x00000000000005c8      0x120 ./drivers/fsl_uart.o
 .debug_ranges  0x00000000000006e8       0x18 ./board/board.o
 .debug_ranges  0x0000000000000700       0x48 ./board/clock_config.o
 .debug_ranges  0x0000000000000748       0x10 ./board/peripherals.o
 .debug_ranges  0x0000000000000758       0x28 ./board/pin_mux.o
 .debug_ranges  0x0000000000000780       0x18 ./CMSIS/system_MKL25Z4.o

.debug_macro    0x0000000000000000     0x8efb
 .debug_macro   0x0000000000000000      0x127 ./utilities/fsl_debug_console.o
 .debug_macro   0x0000000000000127      0xa84 ./utilities/fsl_debug_console.o
 .debug_macro   0x0000000000000bab       0x10 ./utilities/fsl_debug_console.o
 .debug_macro   0x0000000000000bbb       0x16 ./utilities/fsl_debug_console.o
 .debug_macro   0x0000000000000bd1       0x10 ./utilities/fsl_debug_console.o
 .debug_macro   0x0000000000000be1      0x12e ./utilities/fsl_debug_console.o
 .debug_macro   0x0000000000000d0f       0x28 ./utilities/fsl_debug_console.o
 .debug_macro   0x0000000000000d37       0xc4 ./utilities/fsl_debug_console.o
 .debug_macro   0x0000000000000dfb       0x16 ./utilities/fsl_debug_console.o
 .debug_macro   0x0000000000000e11       0x22 ./utilities/fsl_debug_console.o
 .debug_macro   0x0000000000000e33      0x5b3 ./utilities/fsl_debug_console.o
 .debug_macro   0x00000000000013e6       0x10 ./utilities/fsl_debug_console.o
 .debug_macro   0x00000000000013f6       0x3f ./utilities/fsl_debug_console.o
 .debug_macro   0x0000000000001435       0x3a ./utilities/fsl_debug_console.o
 .debug_macro   0x000000000000146f       0x26 ./utilities/fsl_debug_console.o
 .debug_macro   0x0000000000001495      0x329 ./utilities/fsl_debug_console.o
 .debug_macro   0x00000000000017be       0x30 ./utilities/fsl_debug_console.o
 .debug_macro   0x00000000000017ee     0x51e2 ./utilities/fsl_debug_console.o
 .debug_macro   0x00000000000069d0     0x1352 ./utilities/fsl_debug_console.o
 .debug_macro   0x0000000000007d22       0x3a ./utilities/fsl_debug_console.o
 .debug_macro   0x0000000000007d5c       0xf4 ./utilities/fsl_debug_console.o
 .debug_macro   0x0000000000007e50       0x35 ./utilities/fsl_debug_console.o
 .debug_macro   0x0000000000007e85       0x2e ./utilities/fsl_debug_console.o
 .debug_macro   0x0000000000007eb3       0x10 ./utilities/fsl_debug_console.o
 .debug_macro   0x0000000000007ec3       0x10 ./utilities/fsl_debug_console.o
 .debug_macro   0x0000000000007ed3       0x29 ./startup/startup_mkl25z4.o
 .debug_macro   0x0000000000007efc      0x14f ./source/main/Controlador_Temp.o
 .debug_macro   0x000000000000804b       0xd8 ./source/main/Controlador_Temp.o
 .debug_macro   0x0000000000008123       0x16 ./source/main/Controlador_Temp.o
 .debug_macro   0x0000000000008139       0x10 ./source/main/Controlador_Temp.o
 .debug_macro   0x0000000000008149      0x112 ./source/main/Controlador_Temp.o
 .debug_macro   0x000000000000825b       0x34 ./source/main/Controlador_Temp.o
 .debug_macro   0x000000000000828f       0x90 ./source/TIMER/Timer.o
 .debug_macro   0x000000000000831f       0x34 ./source/TIMER/Timer.o
 .debug_macro   0x0000000000008353       0x9c ./source/PWM/Cooler.o
 .debug_macro   0x00000000000083ef       0x96 ./source/GPIO/Bottom.o
 .debug_macro   0x0000000000008485       0x9e ./source/GPIO/LED.o
 .debug_macro   0x0000000000008523       0x8c ./source/Sensor_Temp.o
 .debug_macro   0x00000000000085af       0x2f ./source/mtb.o
 .debug_macro   0x00000000000085de       0x82 ./source/mtb.o
 .debug_macro   0x0000000000008660       0x10 ./source/mtb.o
 .debug_macro   0x0000000000008670       0x11 ./source/semihost_hardfault.o
 .debug_macro   0x0000000000008681      0x196 ./drivers/fsl_clock.o
 .debug_macro   0x0000000000008817       0x1c ./drivers/fsl_clock.o
 .debug_macro   0x0000000000008833       0xef ./drivers/fsl_common.o
 .debug_macro   0x0000000000008922       0xec ./drivers/fsl_lpsci.o
 .debug_macro   0x0000000000008a0e       0xf2 ./drivers/fsl_uart.o
 .debug_macro   0x0000000000008b00      0x112 ./board/board.o
 .debug_macro   0x0000000000008c12      0x123 ./board/clock_config.o
 .debug_macro   0x0000000000008d35       0x1b ./board/peripherals.o
 .debug_macro   0x0000000000008d50      0x107 ./board/pin_mux.o
 .debug_macro   0x0000000000008e57       0x10 ./board/pin_mux.o
 .debug_macro   0x0000000000008e67       0x94 ./CMSIS/system_MKL25Z4.o

.debug_line     0x0000000000000000     0x634f
 .debug_line    0x0000000000000000      0xc71 ./utilities/fsl_debug_console.o
 .debug_line    0x0000000000000c71      0x1ed ./startup/startup_mkl25z4.o
 .debug_line    0x0000000000000e5e      0x54c ./source/main/Controlador_Temp.o
 .debug_line    0x00000000000013aa      0x2af ./source/TIMER/Timer.o
 .debug_line    0x0000000000001659      0x303 ./source/PWM/Cooler.o
 .debug_line    0x000000000000195c      0x325 ./source/GPIO/Bottom.o
 .debug_line    0x0000000000001c81      0x322 ./source/GPIO/LED.o
 .debug_line    0x0000000000001fa3      0x274 ./source/Sensor_Temp.o
 .debug_line    0x0000000000002217       0xd5 ./source/mtb.o
 .debug_line    0x00000000000022ec       0x59 ./source/semihost_hardfault.o
 .debug_line    0x0000000000002345     0x12f1 ./drivers/fsl_clock.o
 .debug_line    0x0000000000003636      0x407 ./drivers/fsl_common.o
 .debug_line    0x0000000000003a3d      0xd6a ./drivers/fsl_lpsci.o
 .debug_line    0x00000000000047a7      0xd59 ./drivers/fsl_uart.o
 .debug_line    0x0000000000005500      0x37b ./board/board.o
 .debug_line    0x000000000000587b      0x3db ./board/clock_config.o
 .debug_line    0x0000000000005c56       0x5c ./board/peripherals.o
 .debug_line    0x0000000000005cb2      0x362 ./board/pin_mux.o
 .debug_line    0x0000000000006014      0x33b ./CMSIS/system_MKL25Z4.o

.debug_str      0x0000000000000000    0x36033
 .debug_str     0x0000000000000000    0x31385 ./utilities/fsl_debug_console.o
                                      0x31624 (size before relaxing)
 .debug_str     0x0000000000031385      0x3cd ./startup/startup_mkl25z4.o
                                       0x30c2 (size before relaxing)
 .debug_str     0x0000000000031752      0xd45 ./source/main/Controlador_Temp.o
                                      0x3162d (size before relaxing)
 .debug_str     0x0000000000032497      0x146 ./source/TIMER/Timer.o
                                      0x28d83 (size before relaxing)
 .debug_str     0x00000000000325dd       0xb0 ./source/PWM/Cooler.o
                                      0x28dbb (size before relaxing)
 .debug_str     0x000000000003268d      0x233 ./source/GPIO/Bottom.o
                                      0x28fb1 (size before relaxing)
 .debug_str     0x00000000000328c0       0xd2 ./source/GPIO/LED.o
                                      0x28ddf (size before relaxing)
 .debug_str     0x0000000000032992       0x8a ./source/Sensor_Temp.o
                                      0x28d67 (size before relaxing)
 .debug_str     0x0000000000032a1c      0x532 ./source/mtb.o
                                       0x31e2 (size before relaxing)
 .debug_str     0x0000000000032f4e       0x1f ./source/semihost_hardfault.o
                                       0x2ccf (size before relaxing)
 .debug_str     0x0000000000032f6d     0x1774 ./drivers/fsl_clock.o
                                      0x32197 (size before relaxing)
 .debug_str     0x00000000000346e1      0x142 ./drivers/fsl_common.o
                                      0x30765 (size before relaxing)
 .debug_str     0x0000000000034823      0x970 ./drivers/fsl_lpsci.o
                                      0x31786 (size before relaxing)
 .debug_str     0x0000000000035193      0x832 ./drivers/fsl_uart.o
                                      0x317a9 (size before relaxing)
 .debug_str     0x00000000000359c5       0x4c ./board/board.o
                                      0x30f5e (size before relaxing)
 .debug_str     0x0000000000035a11      0x3c1 ./board/clock_config.o
                                      0x310c8 (size before relaxing)
 .debug_str     0x0000000000035dd2       0x31 ./board/peripherals.o
                                       0x2ce0 (size before relaxing)
 .debug_str     0x0000000000035e03      0x1e1 ./board/pin_mux.o
                                      0x3080f (size before relaxing)
 .debug_str     0x0000000000035fe4       0x4f ./CMSIS/system_MKL25Z4.o
                                      0x2fb11 (size before relaxing)

.comment        0x0000000000000000       0x49
 .comment       0x0000000000000000       0x49 ./utilities/fsl_debug_console.o
                                         0x4a (size before relaxing)
 .comment       0x0000000000000049       0x4a ./startup/startup_mkl25z4.o
 .comment       0x0000000000000049       0x4a ./source/main/Controlador_Temp.o
 .comment       0x0000000000000049       0x4a ./source/TIMER/Timer.o
 .comment       0x0000000000000049       0x4a ./source/PWM/Cooler.o
 .comment       0x0000000000000049       0x4a ./source/GPIO/Bottom.o
 .comment       0x0000000000000049       0x4a ./source/GPIO/LED.o
 .comment       0x0000000000000049       0x4a ./source/Sensor_Temp.o
 .comment       0x0000000000000049       0x4a ./source/mtb.o
 .comment       0x0000000000000049       0x4a ./source/semihost_hardfault.o
 .comment       0x0000000000000049       0x4a ./drivers/fsl_clock.o
 .comment       0x0000000000000049       0x4a ./drivers/fsl_common.o
 .comment       0x0000000000000049       0x4a ./drivers/fsl_lpsci.o
 .comment       0x0000000000000049       0x4a ./drivers/fsl_uart.o
 .comment       0x0000000000000049       0x4a ./board/board.o
 .comment       0x0000000000000049       0x4a ./board/clock_config.o
 .comment       0x0000000000000049       0x4a ./board/peripherals.o
 .comment       0x0000000000000049       0x4a ./board/pin_mux.o
 .comment       0x0000000000000049       0x4a ./CMSIS/system_MKL25Z4.o
 .comment       0x0000000000000049       0x4a /usr/local/mcuxpressoide-11.5.0_7232/ide/plugins/com.nxp.mcuxpresso.tools.linux_11.5.0.202107051138/tools/bin/../lib/gcc/arm-none-eabi/10.3.1/../../../../arm-none-eabi/lib/thumb/v6-m/nofp/libcr_nohost_nf.a(_cr__main.o)
 .comment       0x0000000000000049       0x4a /usr/local/mcuxpressoide-11.5.0_7232/ide/plugins/com.nxp.mcuxpresso.tools.linux_11.5.0.202107051138/tools/bin/../lib/gcc/arm-none-eabi/10.3.1/../../../../arm-none-eabi/lib/thumb/v6-m/nofp/libcr_c.a(memset.o)
 .comment       0x0000000000000049       0x4a /usr/local/mcuxpressoide-11.5.0_7232/ide/plugins/com.nxp.mcuxpresso.tools.linux_11.5.0.202107051138/tools/bin/../lib/gcc/arm-none-eabi/10.3.1/../../../../arm-none-eabi/lib/thumb/v6-m/nofp/libcr_c.a(initio.o)
 .comment       0x0000000000000049       0x4a /usr/local/mcuxpressoide-11.5.0_7232/ide/plugins/com.nxp.mcuxpresso.tools.linux_11.5.0.202107051138/tools/bin/../lib/gcc/arm-none-eabi/10.3.1/../../../../arm-none-eabi/lib/thumb/v6-m/nofp/libcr_c.a(setvbuf.o)
 .comment       0x0000000000000049       0x4a /usr/local/mcuxpressoide-11.5.0_7232/ide/plugins/com.nxp.mcuxpresso.tools.linux_11.5.0.202107051138/tools/bin/../lib/gcc/arm-none-eabi/10.3.1/../../../../arm-none-eabi/lib/thumb/v6-m/nofp/libcr_c.a(strlen.o)
 .comment       0x0000000000000049       0x4a /usr/local/mcuxpressoide-11.5.0_7232/ide/plugins/com.nxp.mcuxpresso.tools.linux_11.5.0.202107051138/tools/bin/../lib/gcc/arm-none-eabi/10.3.1/../../../../arm-none-eabi/lib/thumb/v6-m/nofp/libcr_c.a(_fdopen.o)
 .comment       0x0000000000000049       0x4a /usr/local/mcuxpressoide-11.5.0_7232/ide/plugins/com.nxp.mcuxpresso.tools.linux_11.5.0.202107051138/tools/bin/../lib/gcc/arm-none-eabi/10.3.1/../../../../arm-none-eabi/lib/thumb/v6-m/nofp/libcr_c.a(fclose.o)
 .comment       0x0000000000000049       0x4a /usr/local/mcuxpressoide-11.5.0_7232/ide/plugins/com.nxp.mcuxpresso.tools.linux_11.5.0.202107051138/tools/bin/../lib/gcc/arm-none-eabi/10.3.1/../../../../arm-none-eabi/lib/thumb/v6-m/nofp/libcr_c.a(fflush.o)
 .comment       0x0000000000000049       0x4a /usr/local/mcuxpressoide-11.5.0_7232/ide/plugins/com.nxp.mcuxpresso.tools.linux_11.5.0.202107051138/tools/bin/../lib/gcc/arm-none-eabi/10.3.1/../../../../arm-none-eabi/lib/thumb/v6-m/nofp/libcr_c.a(fseek.o)
 .comment       0x0000000000000049       0x4a /usr/local/mcuxpressoide-11.5.0_7232/ide/plugins/com.nxp.mcuxpresso.tools.linux_11.5.0.202107051138/tools/bin/../lib/gcc/arm-none-eabi/10.3.1/../../../../arm-none-eabi/lib/thumb/v6-m/nofp/libcr_c.a(ftell.o)
 .comment       0x0000000000000049       0x4a /usr/local/mcuxpressoide-11.5.0_7232/ide/plugins/com.nxp.mcuxpresso.tools.linux_11.5.0.202107051138/tools/bin/../lib/gcc/arm-none-eabi/10.3.1/../../../../arm-none-eabi/lib/thumb/v6-m/nofp/libcr_c.a(remove.o)
 .comment       0x0000000000000049       0x4a /usr/local/mcuxpressoide-11.5.0_7232/ide/plugins/com.nxp.mcuxpresso.tools.linux_11.5.0.202107051138/tools/bin/../lib/gcc/arm-none-eabi/10.3.1/../../../../arm-none-eabi/lib/thumb/v6-m/nofp/libcr_c.a(_do_fflush.o)
 .comment       0x0000000000000049       0x4a /usr/local/mcuxpressoide-11.5.0_7232/ide/plugins/com.nxp.mcuxpresso.tools.linux_11.5.0.202107051138/tools/bin/../lib/gcc/arm-none-eabi/10.3.1/../../../../arm-none-eabi/lib/thumb/v6-m/nofp/libcr_c.a(_fflush.o)
 .comment       0x0000000000000049       0x4a /usr/local/mcuxpressoide-11.5.0_7232/ide/plugins/com.nxp.mcuxpresso.tools.linux_11.5.0.202107051138/tools/bin/../lib/gcc/arm-none-eabi/10.3.1/../../../../arm-none-eabi/lib/thumb/v6-m/nofp/libcr_c.a(_writebuf.o)
 .comment       0x0000000000000049       0x4a /usr/local/mcuxpressoide-11.5.0_7232/ide/plugins/com.nxp.mcuxpresso.tools.linux_11.5.0.202107051138/tools/bin/../lib/gcc/arm-none-eabi/10.3.1/../../../../arm-none-eabi/lib/thumb/v6-m/nofp/libcr_c.a(alloc.o)
 .comment       0x0000000000000049       0x4a /usr/local/mcuxpressoide-11.5.0_7232/ide/plugins/com.nxp.mcuxpresso.tools.linux_11.5.0.202107051138/tools/bin/../lib/gcc/arm-none-eabi/10.3.1/../../../../arm-none-eabi/lib/thumb/v6-m/nofp/libcr_c.a(errno.o)
 .comment       0x0000000000000049       0x4a /usr/local/mcuxpressoide-11.5.0_7232/ide/plugins/com.nxp.mcuxpresso.tools.linux_11.5.0.202107051138/tools/bin/../lib/gcc/arm-none-eabi/10.3.1/../../../../arm-none-eabi/lib/thumb/v6-m/nofp/libcr_c.a(_deferredlazyseek.o)
 .comment       0x0000000000000049       0x4a /usr/local/mcuxpressoide-11.5.0_7232/ide/plugins/com.nxp.mcuxpresso.tools.linux_11.5.0.202107051138/tools/bin/../lib/gcc/arm-none-eabi/10.3.1/thumb/v6-m/nofp/libcr_eabihelpers.a(double.o)
 .comment       0x0000000000000049       0x4a /usr/local/mcuxpressoide-11.5.0_7232/ide/plugins/com.nxp.mcuxpresso.tools.linux_11.5.0.202107051138/tools/bin/../lib/gcc/arm-none-eabi/10.3.1/../../../../arm-none-eabi/lib/thumb/v6-m/nofp/libcr_nohost_nf.a(__ciob.o)
 .comment       0x0000000000000049       0x4a /usr/local/mcuxpressoide-11.5.0_7232/ide/plugins/com.nxp.mcuxpresso.tools.linux_11.5.0.202107051138/tools/bin/../lib/gcc/arm-none-eabi/10.3.1/../../../../arm-none-eabi/lib/thumb/v6-m/nofp/libcr_nohost_nf.a(__sys_close.o)
 .comment       0x0000000000000049       0x4a /usr/local/mcuxpressoide-11.5.0_7232/ide/plugins/com.nxp.mcuxpresso.tools.linux_11.5.0.202107051138/tools/bin/../lib/gcc/arm-none-eabi/10.3.1/../../../../arm-none-eabi/lib/thumb/v6-m/nofp/libcr_nohost_nf.a(__sys_flen.o)
 .comment       0x0000000000000049       0x4a /usr/local/mcuxpressoide-11.5.0_7232/ide/plugins/com.nxp.mcuxpresso.tools.linux_11.5.0.202107051138/tools/bin/../lib/gcc/arm-none-eabi/10.3.1/../../../../arm-none-eabi/lib/thumb/v6-m/nofp/libcr_nohost_nf.a(__sys_istty.o)
 .comment       0x0000000000000049       0x4a /usr/local/mcuxpressoide-11.5.0_7232/ide/plugins/com.nxp.mcuxpresso.tools.linux_11.5.0.202107051138/tools/bin/../lib/gcc/arm-none-eabi/10.3.1/../../../../arm-none-eabi/lib/thumb/v6-m/nofp/libcr_nohost_nf.a(__sys_remove.o)
 .comment       0x0000000000000049       0x4a /usr/local/mcuxpressoide-11.5.0_7232/ide/plugins/com.nxp.mcuxpresso.tools.linux_11.5.0.202107051138/tools/bin/../lib/gcc/arm-none-eabi/10.3.1/../../../../arm-none-eabi/lib/thumb/v6-m/nofp/libcr_nohost_nf.a(__sys_seek.o)
 .comment       0x0000000000000049       0x4a /usr/local/mcuxpressoide-11.5.0_7232/ide/plugins/com.nxp.mcuxpresso.tools.linux_11.5.0.202107051138/tools/bin/../lib/gcc/arm-none-eabi/10.3.1/../../../../arm-none-eabi/lib/thumb/v6-m/nofp/libcr_nohost_nf.a(__sys_tmpnam.o)
 .comment       0x0000000000000049       0x4a /usr/local/mcuxpressoide-11.5.0_7232/ide/plugins/com.nxp.mcuxpresso.tools.linux_11.5.0.202107051138/tools/bin/../lib/gcc/arm-none-eabi/10.3.1/../../../../arm-none-eabi/lib/thumb/v6-m/nofp/libcr_nohost_nf.a(__sys_write.o)

.ARM.attributes
                0x0000000000000000       0x2a
 .ARM.attributes
                0x0000000000000000       0x2c ./utilities/fsl_debug_console.o
 .ARM.attributes
                0x000000000000002c       0x2c ./startup/startup_mkl25z4.o
 .ARM.attributes
                0x0000000000000058       0x2c ./source/main/Controlador_Temp.o
 .ARM.attributes
                0x0000000000000084       0x2c ./source/TIMER/Timer.o
 .ARM.attributes
                0x00000000000000b0       0x2c ./source/PWM/Cooler.o
 .ARM.attributes
                0x00000000000000dc       0x2c ./source/GPIO/Bottom.o
 .ARM.attributes
                0x0000000000000108       0x2c ./source/GPIO/LED.o
 .ARM.attributes
                0x0000000000000134       0x2c ./source/Sensor_Temp.o
 .ARM.attributes
                0x0000000000000160       0x32 ./source/mtb.o
 .ARM.attributes
                0x0000000000000192       0x2c ./source/semihost_hardfault.o
 .ARM.attributes
                0x00000000000001be       0x2c ./drivers/fsl_clock.o
 .ARM.attributes
                0x00000000000001ea       0x2c ./drivers/fsl_common.o
 .ARM.attributes
                0x0000000000000216       0x2c ./drivers/fsl_lpsci.o
 .ARM.attributes
                0x0000000000000242       0x2c ./drivers/fsl_uart.o
 .ARM.attributes
                0x000000000000026e       0x2c ./board/board.o
 .ARM.attributes
                0x000000000000029a       0x2c ./board/clock_config.o
 .ARM.attributes
                0x00000000000002c6       0x2c ./board/peripherals.o
 .ARM.attributes
                0x00000000000002f2       0x2c ./board/pin_mux.o
 .ARM.attributes
                0x000000000000031e       0x2c ./CMSIS/system_MKL25Z4.o
 .ARM.attributes
                0x000000000000034a       0x2c /usr/local/mcuxpressoide-11.5.0_7232/ide/plugins/com.nxp.mcuxpresso.tools.linux_11.5.0.202107051138/tools/bin/../lib/gcc/arm-none-eabi/10.3.1/../../../../arm-none-eabi/lib/thumb/v6-m/nofp/libcr_nohost_nf.a(_cr__main.o)
 .ARM.attributes
                0x0000000000000376       0x2c /usr/local/mcuxpressoide-11.5.0_7232/ide/plugins/com.nxp.mcuxpresso.tools.linux_11.5.0.202107051138/tools/bin/../lib/gcc/arm-none-eabi/10.3.1/../../../../arm-none-eabi/lib/thumb/v6-m/nofp/libcr_c.a(memset.o)
 .ARM.attributes
                0x00000000000003a2       0x2c /usr/local/mcuxpressoide-11.5.0_7232/ide/plugins/com.nxp.mcuxpresso.tools.linux_11.5.0.202107051138/tools/bin/../lib/gcc/arm-none-eabi/10.3.1/../../../../arm-none-eabi/lib/thumb/v6-m/nofp/libcr_c.a(initio.o)
 .ARM.attributes
                0x00000000000003ce       0x2c /usr/local/mcuxpressoide-11.5.0_7232/ide/plugins/com.nxp.mcuxpresso.tools.linux_11.5.0.202107051138/tools/bin/../lib/gcc/arm-none-eabi/10.3.1/../../../../arm-none-eabi/lib/thumb/v6-m/nofp/libcr_c.a(setvbuf.o)
 .ARM.attributes
                0x00000000000003fa       0x2c /usr/local/mcuxpressoide-11.5.0_7232/ide/plugins/com.nxp.mcuxpresso.tools.linux_11.5.0.202107051138/tools/bin/../lib/gcc/arm-none-eabi/10.3.1/../../../../arm-none-eabi/lib/thumb/v6-m/nofp/libcr_c.a(strlen.o)
 .ARM.attributes
                0x0000000000000426       0x2c /usr/local/mcuxpressoide-11.5.0_7232/ide/plugins/com.nxp.mcuxpresso.tools.linux_11.5.0.202107051138/tools/bin/../lib/gcc/arm-none-eabi/10.3.1/../../../../arm-none-eabi/lib/thumb/v6-m/nofp/libcr_c.a(_fdopen.o)
 .ARM.attributes
                0x0000000000000452       0x2c /usr/local/mcuxpressoide-11.5.0_7232/ide/plugins/com.nxp.mcuxpresso.tools.linux_11.5.0.202107051138/tools/bin/../lib/gcc/arm-none-eabi/10.3.1/../../../../arm-none-eabi/lib/thumb/v6-m/nofp/libcr_c.a(fclose.o)
 .ARM.attributes
                0x000000000000047e       0x2c /usr/local/mcuxpressoide-11.5.0_7232/ide/plugins/com.nxp.mcuxpresso.tools.linux_11.5.0.202107051138/tools/bin/../lib/gcc/arm-none-eabi/10.3.1/../../../../arm-none-eabi/lib/thumb/v6-m/nofp/libcr_c.a(fflush.o)
 .ARM.attributes
                0x00000000000004aa       0x2c /usr/local/mcuxpressoide-11.5.0_7232/ide/plugins/com.nxp.mcuxpresso.tools.linux_11.5.0.202107051138/tools/bin/../lib/gcc/arm-none-eabi/10.3.1/../../../../arm-none-eabi/lib/thumb/v6-m/nofp/libcr_c.a(fseek.o)
 .ARM.attributes
                0x00000000000004d6       0x2c /usr/local/mcuxpressoide-11.5.0_7232/ide/plugins/com.nxp.mcuxpresso.tools.linux_11.5.0.202107051138/tools/bin/../lib/gcc/arm-none-eabi/10.3.1/../../../../arm-none-eabi/lib/thumb/v6-m/nofp/libcr_c.a(ftell.o)
 .ARM.attributes
                0x0000000000000502       0x2c /usr/local/mcuxpressoide-11.5.0_7232/ide/plugins/com.nxp.mcuxpresso.tools.linux_11.5.0.202107051138/tools/bin/../lib/gcc/arm-none-eabi/10.3.1/../../../../arm-none-eabi/lib/thumb/v6-m/nofp/libcr_c.a(remove.o)
 .ARM.attributes
                0x000000000000052e       0x2c /usr/local/mcuxpressoide-11.5.0_7232/ide/plugins/com.nxp.mcuxpresso.tools.linux_11.5.0.202107051138/tools/bin/../lib/gcc/arm-none-eabi/10.3.1/../../../../arm-none-eabi/lib/thumb/v6-m/nofp/libcr_c.a(_do_fflush.o)
 .ARM.attributes
                0x000000000000055a       0x2c /usr/local/mcuxpressoide-11.5.0_7232/ide/plugins/com.nxp.mcuxpresso.tools.linux_11.5.0.202107051138/tools/bin/../lib/gcc/arm-none-eabi/10.3.1/../../../../arm-none-eabi/lib/thumb/v6-m/nofp/libcr_c.a(_fflush.o)
 .ARM.attributes
                0x0000000000000586       0x2c /usr/local/mcuxpressoide-11.5.0_7232/ide/plugins/com.nxp.mcuxpresso.tools.linux_11.5.0.202107051138/tools/bin/../lib/gcc/arm-none-eabi/10.3.1/../../../../arm-none-eabi/lib/thumb/v6-m/nofp/libcr_c.a(_writebuf.o)
 .ARM.attributes
                0x00000000000005b2       0x2c /usr/local/mcuxpressoide-11.5.0_7232/ide/plugins/com.nxp.mcuxpresso.tools.linux_11.5.0.202107051138/tools/bin/../lib/gcc/arm-none-eabi/10.3.1/../../../../arm-none-eabi/lib/thumb/v6-m/nofp/libcr_c.a(alloc.o)
 .ARM.attributes
                0x00000000000005de       0x31 /usr/local/mcuxpressoide-11.5.0_7232/ide/plugins/com.nxp.mcuxpresso.tools.linux_11.5.0.202107051138/tools/bin/../lib/gcc/arm-none-eabi/10.3.1/../../../../arm-none-eabi/lib/thumb/v6-m/nofp/libcr_c.a(errno.o)
 .ARM.attributes
                0x000000000000060f       0x2c /usr/local/mcuxpressoide-11.5.0_7232/ide/plugins/com.nxp.mcuxpresso.tools.linux_11.5.0.202107051138/tools/bin/../lib/gcc/arm-none-eabi/10.3.1/../../../../arm-none-eabi/lib/thumb/v6-m/nofp/libcr_c.a(_deferredlazyseek.o)
 .ARM.attributes
                0x000000000000063b       0x1c /usr/local/mcuxpressoide-11.5.0_7232/ide/plugins/com.nxp.mcuxpresso.tools.linux_11.5.0.202107051138/tools/bin/../lib/gcc/arm-none-eabi/10.3.1/thumb/v6-m/nofp/libcr_eabihelpers.a(division_32.o)
 .ARM.attributes
                0x0000000000000657       0x1c /usr/local/mcuxpressoide-11.5.0_7232/ide/plugins/com.nxp.mcuxpresso.tools.linux_11.5.0.202107051138/tools/bin/../lib/gcc/arm-none-eabi/10.3.1/thumb/v6-m/nofp/libcr_eabihelpers.a(division_idiv0.o)
 .ARM.attributes
                0x0000000000000673       0x2c /usr/local/mcuxpressoide-11.5.0_7232/ide/plugins/com.nxp.mcuxpresso.tools.linux_11.5.0.202107051138/tools/bin/../lib/gcc/arm-none-eabi/10.3.1/thumb/v6-m/nofp/libcr_eabihelpers.a(double.o)
 .ARM.attributes
                0x000000000000069f       0x1c /usr/local/mcuxpressoide-11.5.0_7232/ide/plugins/com.nxp.mcuxpresso.tools.linux_11.5.0.202107051138/tools/bin/../lib/gcc/arm-none-eabi/10.3.1/thumb/v6-m/nofp/libcr_eabihelpers.a(llong.o)
 .ARM.attributes
                0x00000000000006bb       0x1c /usr/local/mcuxpressoide-11.5.0_7232/ide/plugins/com.nxp.mcuxpresso.tools.linux_11.5.0.202107051138/tools/bin/../lib/gcc/arm-none-eabi/10.3.1/thumb/v6-m/nofp/libcr_eabihelpers.a(memcpy.o)
 .ARM.attributes
                0x00000000000006d7       0x31 /usr/local/mcuxpressoide-11.5.0_7232/ide/plugins/com.nxp.mcuxpresso.tools.linux_11.5.0.202107051138/tools/bin/../lib/gcc/arm-none-eabi/10.3.1/../../../../arm-none-eabi/lib/thumb/v6-m/nofp/libcr_nohost_nf.a(__ciob.o)
 .ARM.attributes
                0x0000000000000708       0x2c /usr/local/mcuxpressoide-11.5.0_7232/ide/plugins/com.nxp.mcuxpresso.tools.linux_11.5.0.202107051138/tools/bin/../lib/gcc/arm-none-eabi/10.3.1/../../../../arm-none-eabi/lib/thumb/v6-m/nofp/libcr_nohost_nf.a(__sys_close.o)
 .ARM.attributes
                0x0000000000000734       0x2c /usr/local/mcuxpressoide-11.5.0_7232/ide/plugins/com.nxp.mcuxpresso.tools.linux_11.5.0.202107051138/tools/bin/../lib/gcc/arm-none-eabi/10.3.1/../../../../arm-none-eabi/lib/thumb/v6-m/nofp/libcr_nohost_nf.a(__sys_flen.o)
 .ARM.attributes
                0x0000000000000760       0x2c /usr/local/mcuxpressoide-11.5.0_7232/ide/plugins/com.nxp.mcuxpresso.tools.linux_11.5.0.202107051138/tools/bin/../lib/gcc/arm-none-eabi/10.3.1/../../../../arm-none-eabi/lib/thumb/v6-m/nofp/libcr_nohost_nf.a(__sys_istty.o)
 .ARM.attributes
                0x000000000000078c       0x2c /usr/local/mcuxpressoide-11.5.0_7232/ide/plugins/com.nxp.mcuxpresso.tools.linux_11.5.0.202107051138/tools/bin/../lib/gcc/arm-none-eabi/10.3.1/../../../../arm-none-eabi/lib/thumb/v6-m/nofp/libcr_nohost_nf.a(__sys_remove.o)
 .ARM.attributes
                0x00000000000007b8       0x2c /usr/local/mcuxpressoide-11.5.0_7232/ide/plugins/com.nxp.mcuxpresso.tools.linux_11.5.0.202107051138/tools/bin/../lib/gcc/arm-none-eabi/10.3.1/../../../../arm-none-eabi/lib/thumb/v6-m/nofp/libcr_nohost_nf.a(__sys_seek.o)
 .ARM.attributes
                0x00000000000007e4       0x2c /usr/local/mcuxpressoide-11.5.0_7232/ide/plugins/com.nxp.mcuxpresso.tools.linux_11.5.0.202107051138/tools/bin/../lib/gcc/arm-none-eabi/10.3.1/../../../../arm-none-eabi/lib/thumb/v6-m/nofp/libcr_nohost_nf.a(__sys_tmpnam.o)
 .ARM.attributes
                0x0000000000000810       0x2c /usr/local/mcuxpressoide-11.5.0_7232/ide/plugins/com.nxp.mcuxpresso.tools.linux_11.5.0.202107051138/tools/bin/../lib/gcc/arm-none-eabi/10.3.1/../../../../arm-none-eabi/lib/thumb/v6-m/nofp/libcr_nohost_nf.a(__sys_write.o)

.debug_frame    0x0000000000000000     0x1b0c
 .debug_frame   0x0000000000000000      0x1f0 ./utilities/fsl_debug_console.o
 .debug_frame   0x00000000000001f0      0x3b0 ./startup/startup_mkl25z4.o
 .debug_frame   0x00000000000005a0       0x54 ./source/main/Controlador_Temp.o
 .debug_frame   0x00000000000005f4       0x48 ./source/TIMER/Timer.o
 .debug_frame   0x000000000000063c       0xa0 ./source/PWM/Cooler.o
 .debug_frame   0x00000000000006dc       0xa0 ./source/GPIO/Bottom.o
 .debug_frame   0x000000000000077c       0xf0 ./source/GPIO/LED.o
 .debug_frame   0x000000000000086c       0x48 ./source/Sensor_Temp.o
 .debug_frame   0x00000000000008b4       0x20 ./source/semihost_hardfault.o
 .debug_frame   0x00000000000008d4      0x6e0 ./drivers/fsl_clock.o
 .debug_frame   0x0000000000000fb4       0x90 ./drivers/fsl_common.o
 .debug_frame   0x0000000000001044      0x414 ./drivers/fsl_lpsci.o
 .debug_frame   0x0000000000001458      0x464 ./drivers/fsl_uart.o
 .debug_frame   0x00000000000018bc       0x50 ./board/board.o
 .debug_frame   0x000000000000190c      0x100 ./board/clock_config.o
 .debug_frame   0x0000000000001a0c       0x2c ./board/peripherals.o
 .debug_frame   0x0000000000001a38       0x88 ./board/pin_mux.o
 .debug_frame   0x0000000000001ac0       0x4c ./CMSIS/system_MKL25Z4.o

Cross Reference Table

Symbol                                            File
ADC0_DriverIRQHandler                             ./startup/startup_mkl25z4.o
ADC0_IRQHandler                                   ./startup/startup_mkl25z4.o
BOARD_BootClockRUN                                ./board/clock_config.o
BOARD_BootClockVLPR                               ./board/clock_config.o
BOARD_InitBootClocks                              ./board/clock_config.o
                                                  ./source/main/Controlador_Temp.o
BOARD_InitBootPeripherals                         ./board/peripherals.o
                                                  ./source/main/Controlador_Temp.o
BOARD_InitBootPins                                ./board/pin_mux.o
                                                  ./source/main/Controlador_Temp.o
BOARD_InitDebugConsole                            ./board/board.o
                                                  ./source/main/Controlador_Temp.o
BOARD_InitPins                                    ./board/pin_mux.o
Bottom_Ativado                                    ./source/GPIO/Bottom.o
                                                  ./source/main/Controlador_Temp.o
Bottom_Pressed                                    ./source/GPIO/Bottom.o
CLOCK_BootToBlpeMode                              ./drivers/fsl_clock.o
CLOCK_BootToBlpiMode                              ./drivers/fsl_clock.o
                                                  ./board/clock_config.o
CLOCK_BootToFeeMode                               ./drivers/fsl_clock.o
CLOCK_BootToFeiMode                               ./drivers/fsl_clock.o
CLOCK_BootToPeeMode                               ./drivers/fsl_clock.o
                                                  ./board/clock_config.o
CLOCK_CalcPllDiv                                  ./drivers/fsl_clock.o
CLOCK_ClearStatusFlags                            ./drivers/fsl_clock.o
CLOCK_DeinitOsc0                                  ./drivers/fsl_clock.o
CLOCK_EnablePll0                                  ./drivers/fsl_clock.o
CLOCK_EnableUsbfs0Clock                           ./drivers/fsl_clock.o
CLOCK_ExternalModeToFbeModeQuick                  ./drivers/fsl_clock.o
CLOCK_FllStableDelay                              ./drivers/fsl_clock.o
CLOCK_GetBusClkFreq                               ./drivers/fsl_clock.o
CLOCK_GetCoreSysClkFreq                           ./drivers/fsl_clock.o
CLOCK_GetEr32kClkFreq                             ./drivers/fsl_clock.o
CLOCK_GetFixedFreqClkFreq                         ./drivers/fsl_clock.o
CLOCK_GetFlashClkFreq                             ./drivers/fsl_clock.o
CLOCK_GetFllFreq                                  ./drivers/fsl_clock.o
CLOCK_GetFreq                                     ./drivers/fsl_clock.o
CLOCK_GetInternalRefClkFreq                       ./drivers/fsl_clock.o
CLOCK_GetMode                                     ./drivers/fsl_clock.o
CLOCK_GetOsc0ErClkFreq                            ./drivers/fsl_clock.o
CLOCK_GetOutClkFreq                               ./drivers/fsl_clock.o
CLOCK_GetPlatClkFreq                              ./drivers/fsl_clock.o
CLOCK_GetPll0Freq                                 ./drivers/fsl_clock.o
CLOCK_GetPllFllSelClkFreq                         ./drivers/fsl_clock.o
                                                  ./board/board.o
CLOCK_GetStatusFlags                              ./drivers/fsl_clock.o
CLOCK_InitOsc0                                    ./drivers/fsl_clock.o
                                                  ./board/clock_config.o
CLOCK_InternalModeToFbiModeQuick                  ./drivers/fsl_clock.o
CLOCK_SetBlpeMode                                 ./drivers/fsl_clock.o
CLOCK_SetBlpiMode                                 ./drivers/fsl_clock.o
CLOCK_SetExternalRefClkConfig                     ./drivers/fsl_clock.o
CLOCK_SetFbeMode                                  ./drivers/fsl_clock.o
CLOCK_SetFbiMode                                  ./drivers/fsl_clock.o
CLOCK_SetFeeMode                                  ./drivers/fsl_clock.o
CLOCK_SetFeiMode                                  ./drivers/fsl_clock.o
CLOCK_SetInternalRefClkConfig                     ./drivers/fsl_clock.o
                                                  ./board/clock_config.o
CLOCK_SetMcgConfig                                ./drivers/fsl_clock.o
CLOCK_SetOsc0MonitorMode                          ./drivers/fsl_clock.o
CLOCK_SetPbeMode                                  ./drivers/fsl_clock.o
CLOCK_SetPeeMode                                  ./drivers/fsl_clock.o
CLOCK_SetPll0MonitorMode                          ./drivers/fsl_clock.o
CLOCK_SetSimConfig                                ./drivers/fsl_clock.o
                                                  ./board/clock_config.o
CLOCK_TrimInternalRefClk                          ./drivers/fsl_clock.o
CMP0_DriverIRQHandler                             ./startup/startup_mkl25z4.o
CMP0_IRQHandler                                   ./startup/startup_mkl25z4.o
Configura_CLK_Bottom                              ./source/GPIO/Bottom.o
                                                  ./source/main/Controlador_Temp.o
DAC0_DriverIRQHandler                             ./startup/startup_mkl25z4.o
DAC0_IRQHandler                                   ./startup/startup_mkl25z4.o
DMA0_DriverIRQHandler                             ./startup/startup_mkl25z4.o
DMA0_IRQHandler                                   ./startup/startup_mkl25z4.o
DMA1_DriverIRQHandler                             ./startup/startup_mkl25z4.o
DMA1_IRQHandler                                   ./startup/startup_mkl25z4.o
DMA2_DriverIRQHandler                             ./startup/startup_mkl25z4.o
DMA2_IRQHandler                                   ./startup/startup_mkl25z4.o
DMA3_DriverIRQHandler                             ./startup/startup_mkl25z4.o
DMA3_IRQHandler                                   ./startup/startup_mkl25z4.o
DbgConsole_Deinit                                 ./utilities/fsl_debug_console.o
DbgConsole_Getchar                                ./utilities/fsl_debug_console.o
DbgConsole_Init                                   ./utilities/fsl_debug_console.o
                                                  ./board/board.o
DbgConsole_Printf                                 ./utilities/fsl_debug_console.o
                                                  ./drivers/fsl_common.o
                                                  ./source/main/Controlador_Temp.o
DbgConsole_Putchar                                ./utilities/fsl_debug_console.o
DbgConsole_Scanf                                  ./utilities/fsl_debug_console.o
Desabilita_Bottom                                 ./source/GPIO/Bottom.o
Desliga_Cooler                                    ./source/PWM/Cooler.o
                                                  ./source/GPIO/Bottom.o
                                                  ./source/main/Controlador_Temp.o
Desliga_led_amarelo                               ./source/GPIO/LED.o
                                                  ./source/main/Controlador_Temp.o
Desliga_led_verde                                 ./source/GPIO/LED.o
                                                  ./source/TIMER/Timer.o
                                                  ./source/main/Controlador_Temp.o
Desliga_led_vermelho                              ./source/GPIO/LED.o
                                                  ./source/TIMER/Timer.o
                                                  ./source/main/Controlador_Temp.o
FLASH_Erase                                       ./drivers/fsl_flash.o
FLASH_EraseAll                                    ./drivers/fsl_flash.o
FLASH_EraseAllExecuteOnlySegments                 ./drivers/fsl_flash.o
FLASH_GetProperty                                 ./drivers/fsl_flash.o
FLASH_GetSecurityState                            ./drivers/fsl_flash.o
FLASH_Init                                        ./drivers/fsl_flash.o
FLASH_IsExecuteOnly                               ./drivers/fsl_flash.o
FLASH_IsProtected                                 ./drivers/fsl_flash.o
FLASH_PflashGetPrefetchSpeculation                ./drivers/fsl_flash.o
FLASH_PflashGetProtection                         ./drivers/fsl_flash.o
FLASH_PflashSetPrefetchSpeculation                ./drivers/fsl_flash.o
                                                  ./drivers/fsl_smc.o
FLASH_PflashSetProtection                         ./drivers/fsl_flash.o
FLASH_PrepareExecuteInRamFunctions                ./drivers/fsl_flash.o
FLASH_Program                                     ./drivers/fsl_flash.o
FLASH_ProgramOnce                                 ./drivers/fsl_flash.o
FLASH_ReadOnce                                    ./drivers/fsl_flash.o
FLASH_ReadResource                                ./drivers/fsl_flash.o
FLASH_SecurityBypass                              ./drivers/fsl_flash.o
FLASH_SetCallback                                 ./drivers/fsl_flash.o
FLASH_SetProperty                                 ./drivers/fsl_flash.o
FLASH_VerifyErase                                 ./drivers/fsl_flash.o
FLASH_VerifyEraseAll                              ./drivers/fsl_flash.o
FLASH_VerifyEraseAllExecuteOnlySegments           ./drivers/fsl_flash.o
FLASH_VerifyProgram                               ./drivers/fsl_flash.o
FTFA_DriverIRQHandler                             ./startup/startup_mkl25z4.o
FTFA_IRQHandler                                   ./startup/startup_mkl25z4.o
Flash_Config                                      ./startup/startup_mkl25z4.o
GPIO_ClearPinsInterruptFlags                      ./drivers/fsl_gpio.o
GPIO_GetPinsInterruptFlags                        ./drivers/fsl_gpio.o
GPIO_PinInit                                      ./drivers/fsl_gpio.o
HardFault_Handler                                 ./source/semihost_hardfault.o
                                                  ./startup/startup_mkl25z4.o
I2C0_DriverIRQHandler                             ./startup/startup_mkl25z4.o
I2C0_IRQHandler                                   ./startup/startup_mkl25z4.o
I2C1_DriverIRQHandler                             ./startup/startup_mkl25z4.o
I2C1_IRQHandler                                   ./startup/startup_mkl25z4.o
InstallIRQHandler                                 ./drivers/fsl_common.o
IntDefaultHandler                                 ./startup/startup_mkl25z4.o
LLWU_DriverIRQHandler                             ./startup/startup_mkl25z4.o
LLWU_IRQHandler                                   ./startup/startup_mkl25z4.o
LPSCI_ClearStatusFlags                            ./drivers/fsl_lpsci.o
LPSCI_Deinit                                      ./drivers/fsl_lpsci.o
                                                  ./utilities/fsl_debug_console.o
LPSCI_DisableInterrupts                           ./drivers/fsl_lpsci.o
LPSCI_EnableInterrupts                            ./drivers/fsl_lpsci.o
LPSCI_GetDefaultConfig                            ./drivers/fsl_lpsci.o
                                                  ./utilities/fsl_debug_console.o
LPSCI_GetEnabledInterrupts                        ./drivers/fsl_lpsci.o
LPSCI_GetInstance                                 ./drivers/fsl_lpsci.o
LPSCI_GetStatusFlags                              ./drivers/fsl_lpsci.o
LPSCI_Init                                        ./drivers/fsl_lpsci.o
                                                  ./utilities/fsl_debug_console.o
LPSCI_ReadBlocking                                ./drivers/fsl_lpsci.o
                                                  ./utilities/fsl_debug_console.o
LPSCI_SetBaudRate                                 ./drivers/fsl_lpsci.o
LPSCI_TransferAbortReceive                        ./drivers/fsl_lpsci.o
LPSCI_TransferAbortSend                           ./drivers/fsl_lpsci.o
LPSCI_TransferCreateHandle                        ./drivers/fsl_lpsci.o
LPSCI_TransferGetReceiveCount                     ./drivers/fsl_lpsci.o
LPSCI_TransferGetSendCount                        ./drivers/fsl_lpsci.o
LPSCI_TransferHandleErrorIRQ                      ./drivers/fsl_lpsci.o
LPSCI_TransferHandleIRQ                           ./drivers/fsl_lpsci.o
LPSCI_TransferReceiveNonBlocking                  ./drivers/fsl_lpsci.o
LPSCI_TransferSendNonBlocking                     ./drivers/fsl_lpsci.o
LPSCI_TransferStartRingBuffer                     ./drivers/fsl_lpsci.o
LPSCI_TransferStopRingBuffer                      ./drivers/fsl_lpsci.o
LPSCI_WriteBlocking                               ./drivers/fsl_lpsci.o
                                                  ./utilities/fsl_debug_console.o
LPTMR0_DriverIRQHandler                           ./startup/startup_mkl25z4.o
LPTMR0_IRQHandler                                 ./startup/startup_mkl25z4.o
LVD_LVW_DriverIRQHandler                          ./startup/startup_mkl25z4.o
LVD_LVW_IRQHandler                                ./startup/startup_mkl25z4.o
Led_configure                                     ./source/GPIO/LED.o
                                                  ./source/main/Controlador_Temp.o
Led_setup                                         ./source/GPIO/LED.o
                                                  ./source/main/Controlador_Temp.o
Liga_Cooler                                       ./source/PWM/Cooler.o
                                                  ./source/main/Controlador_Temp.o
Liga_Cooler_Controlado                            ./source/PWM/Cooler.o
                                                  ./source/GPIO/Bottom.o
                                                  ./source/main/Controlador_Temp.o
Liga_led_amarelo                                  ./source/GPIO/LED.o
                                                  ./source/TIMER/Timer.o
Liga_led_verde                                    ./source/GPIO/LED.o
                                                  ./source/main/Controlador_Temp.o
Liga_led_vermelho                                 ./source/GPIO/LED.o
                                                  ./source/main/Controlador_Temp.o
MCG_DriverIRQHandler                              ./startup/startup_mkl25z4.o
MCG_IRQHandler                                    ./startup/startup_mkl25z4.o
NMI_Handler                                       ./startup/startup_mkl25z4.o
PIT_DriverIRQHandler                              ./startup/startup_mkl25z4.o
PIT_IRQHandler                                    ./startup/startup_mkl25z4.o
PORTA_DriverIRQHandler                            ./startup/startup_mkl25z4.o
PORTA_IRQHandler                                  ./source/GPIO/Bottom.o
                                                  ./startup/startup_mkl25z4.o
PORTD_DriverIRQHandler                            ./startup/startup_mkl25z4.o
PORTD_IRQHandler                                  ./startup/startup_mkl25z4.o
PWM_SETUP                                         ./source/PWM/Cooler.o
                                                  ./source/main/Controlador_Temp.o
PWM_Write                                         ./source/PWM/Cooler.o
PendSV_Handler                                    ./startup/startup_mkl25z4.o
RTC_DriverIRQHandler                              ./startup/startup_mkl25z4.o
RTC_IRQHandler                                    ./startup/startup_mkl25z4.o
RTC_Seconds_DriverIRQHandler                      ./startup/startup_mkl25z4.o
RTC_Seconds_IRQHandler                            ./startup/startup_mkl25z4.o
Reserved20_DriverIRQHandler                       ./startup/startup_mkl25z4.o
Reserved20_IRQHandler                             ./startup/startup_mkl25z4.o
Reserved39_DriverIRQHandler                       ./startup/startup_mkl25z4.o
Reserved39_IRQHandler                             ./startup/startup_mkl25z4.o
Reserved45_DriverIRQHandler                       ./startup/startup_mkl25z4.o
Reserved45_IRQHandler                             ./startup/startup_mkl25z4.o
ResetISR                                          ./startup/startup_mkl25z4.o
SMC_PostExitStopModes                             ./drivers/fsl_smc.o
SMC_PreEnterStopModes                             ./drivers/fsl_smc.o
SMC_SetPowerModeLls                               ./drivers/fsl_smc.o
SMC_SetPowerModeRun                               ./drivers/fsl_smc.o
SMC_SetPowerModeStop                              ./drivers/fsl_smc.o
SMC_SetPowerModeVlls                              ./drivers/fsl_smc.o
SMC_SetPowerModeVlpr                              ./drivers/fsl_smc.o
                                                  ./board/clock_config.o
SMC_SetPowerModeVlps                              ./drivers/fsl_smc.o
SMC_SetPowerModeVlpw                              ./drivers/fsl_smc.o
SMC_SetPowerModeWait                              ./drivers/fsl_smc.o
SPI0_DriverIRQHandler                             ./startup/startup_mkl25z4.o
SPI0_IRQHandler                                   ./startup/startup_mkl25z4.o
SPI1_DriverIRQHandler                             ./startup/startup_mkl25z4.o
SPI1_IRQHandler                                   ./startup/startup_mkl25z4.o
SVC_Handler                                       ./startup/startup_mkl25z4.o
Sensor_Temp_Read                                  ./source/Sensor_Temp.o
                                                  ./source/main/Controlador_Temp.o
Sensor_Temp_Setup                                 ./source/Sensor_Temp.o
                                                  ./source/main/Controlador_Temp.o
SysTick_Handler                                   ./startup/startup_mkl25z4.o
SystemCoreClock                                   ./CMSIS/system_MKL25Z4.o
                                                  ./board/clock_config.o
SystemCoreClockUpdate                             ./CMSIS/system_MKL25Z4.o
SystemInit                                        ./CMSIS/system_MKL25Z4.o
                                                  ./startup/startup_mkl25z4.o
TPM0_DriverIRQHandler                             ./startup/startup_mkl25z4.o
TPM0_IRQHandler                                   ./startup/startup_mkl25z4.o
TPM1_DriverIRQHandler                             ./startup/startup_mkl25z4.o
TPM1_IRQHandler                                   ./source/TIMER/Timer.o
                                                  ./startup/startup_mkl25z4.o
TPM1_Init                                         ./source/TIMER/Timer.o
                                                  ./source/main/Controlador_Temp.o
TPM2_DriverIRQHandler                             ./startup/startup_mkl25z4.o
TPM2_IRQHandler                                   ./startup/startup_mkl25z4.o
TSI0_DriverIRQHandler                             ./startup/startup_mkl25z4.o
TSI0_IRQHandler                                   ./startup/startup_mkl25z4.o
UART0_DriverIRQHandler                            ./drivers/fsl_lpsci.o
                                                  ./startup/startup_mkl25z4.o
UART0_IRQHandler                                  ./startup/startup_mkl25z4.o
UART1_DriverIRQHandler                            ./drivers/fsl_uart.o